Archive member included to satisfy reference by file (symbol)

C:\Users\Fabian\Documents\MCUXpressoIDE_10.2.0_759\workspace\lpc_chip_175x_6x\Debug\liblpc_chip_175x_6x.a(chip_17xx_40xx.o)
                              ./example/src/timer.o (SystemCoreClockUpdate)
C:\Users\Fabian\Documents\MCUXpressoIDE_10.2.0_759\workspace\lpc_chip_175x_6x\Debug\liblpc_chip_175x_6x.a(clock_17xx_40xx.o)
                              C:\Users\Fabian\Documents\MCUXpressoIDE_10.2.0_759\workspace\lpc_chip_175x_6x\Debug\liblpc_chip_175x_6x.a(chip_17xx_40xx.o) (Chip_Clock_EnablePLL)
C:\Users\Fabian\Documents\MCUXpressoIDE_10.2.0_759\workspace\lpc_chip_175x_6x\Debug\liblpc_chip_175x_6x.a(sysinit_17xx_40xx.o)
                              ./example/src/sysinit.o (Chip_SystemInit)
C:\Users\Fabian\Documents\MCUXpressoIDE_10.2.0_759\workspace\lpc_chip_175x_6x\Debug\liblpc_chip_175x_6x.a(timer_17xx_40xx.o)
                              ./example/src/timer.o (Chip_TIMER_Init)
c:/nxp/mcuxpressoide_10.2.0_759/ide/tools/bin/../lib/gcc/arm-none-eabi/7.2.1/../../../../arm-none-eabi/lib/thumb/v7-m\libcr_nohost.a(_cr__main.o)
                              ./example/src/cr_startup_lpc175x_6x.o (__main)
c:/nxp/mcuxpressoide_10.2.0_759/ide/tools/bin/../lib/gcc/arm-none-eabi/7.2.1/../../../../arm-none-eabi/lib/thumb/v7-m\libcr_c.a(initio.o)
                              c:/nxp/mcuxpressoide_10.2.0_759/ide/tools/bin/../lib/gcc/arm-none-eabi/7.2.1/../../../../arm-none-eabi/lib/thumb/v7-m\libcr_nohost.a(_cr__main.o) (_initio)
c:/nxp/mcuxpressoide_10.2.0_759/ide/tools/bin/../lib/gcc/arm-none-eabi/7.2.1/../../../../arm-none-eabi/lib/thumb/v7-m\libcr_c.a(setvbuf.o)
                              c:/nxp/mcuxpressoide_10.2.0_759/ide/tools/bin/../lib/gcc/arm-none-eabi/7.2.1/../../../../arm-none-eabi/lib/thumb/v7-m\libcr_c.a(initio.o) (setvbuf)
c:/nxp/mcuxpressoide_10.2.0_759/ide/tools/bin/../lib/gcc/arm-none-eabi/7.2.1/../../../../arm-none-eabi/lib/thumb/v7-m\libcr_c.a(_fdopen.o)
                              c:/nxp/mcuxpressoide_10.2.0_759/ide/tools/bin/../lib/gcc/arm-none-eabi/7.2.1/../../../../arm-none-eabi/lib/thumb/v7-m\libcr_c.a(initio.o) (_fdopen)
c:/nxp/mcuxpressoide_10.2.0_759/ide/tools/bin/../lib/gcc/arm-none-eabi/7.2.1/../../../../arm-none-eabi/lib/thumb/v7-m\libcr_c.a(fclose.o)
                              c:/nxp/mcuxpressoide_10.2.0_759/ide/tools/bin/../lib/gcc/arm-none-eabi/7.2.1/../../../../arm-none-eabi/lib/thumb/v7-m\libcr_c.a(initio.o) (fclose)
c:/nxp/mcuxpressoide_10.2.0_759/ide/tools/bin/../lib/gcc/arm-none-eabi/7.2.1/../../../../arm-none-eabi/lib/thumb/v7-m\libcr_c.a(fflush.o)
                              c:/nxp/mcuxpressoide_10.2.0_759/ide/tools/bin/../lib/gcc/arm-none-eabi/7.2.1/../../../../arm-none-eabi/lib/thumb/v7-m\libcr_c.a(fclose.o) (fflush)
c:/nxp/mcuxpressoide_10.2.0_759/ide/tools/bin/../lib/gcc/arm-none-eabi/7.2.1/../../../../arm-none-eabi/lib/thumb/v7-m\libcr_c.a(fseek.o)
                              c:/nxp/mcuxpressoide_10.2.0_759/ide/tools/bin/../lib/gcc/arm-none-eabi/7.2.1/../../../../arm-none-eabi/lib/thumb/v7-m\libcr_c.a(_fdopen.o) (fseek)
c:/nxp/mcuxpressoide_10.2.0_759/ide/tools/bin/../lib/gcc/arm-none-eabi/7.2.1/../../../../arm-none-eabi/lib/thumb/v7-m\libcr_c.a(ftell.o)
                              c:/nxp/mcuxpressoide_10.2.0_759/ide/tools/bin/../lib/gcc/arm-none-eabi/7.2.1/../../../../arm-none-eabi/lib/thumb/v7-m\libcr_c.a(fseek.o) (ftell)
c:/nxp/mcuxpressoide_10.2.0_759/ide/tools/bin/../lib/gcc/arm-none-eabi/7.2.1/../../../../arm-none-eabi/lib/thumb/v7-m\libcr_c.a(remove.o)
                              c:/nxp/mcuxpressoide_10.2.0_759/ide/tools/bin/../lib/gcc/arm-none-eabi/7.2.1/../../../../arm-none-eabi/lib/thumb/v7-m\libcr_c.a(fclose.o) (remove)
c:/nxp/mcuxpressoide_10.2.0_759/ide/tools/bin/../lib/gcc/arm-none-eabi/7.2.1/../../../../arm-none-eabi/lib/thumb/v7-m\libcr_c.a(strlen.o)
                              c:/nxp/mcuxpressoide_10.2.0_759/ide/tools/bin/../lib/gcc/arm-none-eabi/7.2.1/../../../../arm-none-eabi/lib/thumb/v7-m\libcr_c.a(remove.o) (strlen)
c:/nxp/mcuxpressoide_10.2.0_759/ide/tools/bin/../lib/gcc/arm-none-eabi/7.2.1/../../../../arm-none-eabi/lib/thumb/v7-m\libcr_c.a(memset.o)
                              c:/nxp/mcuxpressoide_10.2.0_759/ide/tools/bin/../lib/gcc/arm-none-eabi/7.2.1/../../../../arm-none-eabi/lib/thumb/v7-m\libcr_c.a(fclose.o) (memset)
c:/nxp/mcuxpressoide_10.2.0_759/ide/tools/bin/../lib/gcc/arm-none-eabi/7.2.1/../../../../arm-none-eabi/lib/thumb/v7-m\libcr_c.a(_do_fflush.o)
                              c:/nxp/mcuxpressoide_10.2.0_759/ide/tools/bin/../lib/gcc/arm-none-eabi/7.2.1/../../../../arm-none-eabi/lib/thumb/v7-m\libcr_c.a(fflush.o) (_do_fflush)
c:/nxp/mcuxpressoide_10.2.0_759/ide/tools/bin/../lib/gcc/arm-none-eabi/7.2.1/../../../../arm-none-eabi/lib/thumb/v7-m\libcr_c.a(_fflush.o)
                              c:/nxp/mcuxpressoide_10.2.0_759/ide/tools/bin/../lib/gcc/arm-none-eabi/7.2.1/../../../../arm-none-eabi/lib/thumb/v7-m\libcr_c.a(_do_fflush.o) (_fflush)
[...]
Memory Configuration

Name             Origin             Length             Attributes
MFlash512        0x00000000         0x00080000         xr
RamLoc32         0x10000000         0x00008000         xrw
RamAHB32         0x2007c000         0x00008000         xrw
*default*        0x00000000         0xffffffff

Linker script and memory map

LOAD ./example/src/cr_startup_lpc175x_6x.o
LOAD ./example/src/sysinit.o
LOAD ./example/src/timer.o
LOAD C:\Users\Fabian\Documents\MCUXpressoIDE_10.2.0_759\workspace\lpc_chip_175x_6x\Debug\liblpc_chip_175x_6x.a
START GROUP
LOAD c:/nxp/mcuxpressoide_10.2.0_759/ide/tools/bin/../lib/gcc/arm-none-eabi/7.2.1/../../../../arm-none-eabi/lib/thumb/v7-m\libcr_nohost.a
LOAD c:/nxp/mcuxpressoide_10.2.0_759/ide/tools/bin/../lib/gcc/arm-none-eabi/7.2.1/../../../../arm-none-eabi/lib/thumb/v7-m\libcr_c.a
LOAD c:/nxp/mcuxpressoide_10.2.0_759/ide/tools/bin/../lib/gcc/arm-none-eabi/7.2.1/thumb/v7-m\libcr_eabihelpers.a
END GROUP
                0x00000000                __base_MFlash512 = 0x0
                0x00000000                __base_Flash = 0x0
                0x00080000                __top_MFlash512 = 0x80000
                0x00080000                __top_Flash = 0x80000
                0x10000000                __base_RamLoc32 = 0x10000000
                0x10000000                __base_RAM = 0x10000000
                0x10008000                __top_RamLoc32 = 0x10008000
                0x10008000                __top_RAM = 0x10008000
                0x2007c000                __base_RamAHB32 = 0x2007c000
                0x2007c000                __base_RAM2 = 0x2007c000
                0x20084000                __top_RamAHB32 = 0x20084000
                0x20084000                __top_RAM2 = 0x20084000

.text           0x00000000     0x1028
 FILL mask 0xff
                0x00000000                __vectors_start__ = ABSOLUTE (.)
 *(.isr_vector)
 .isr_vector    0x00000000       0xcc ./example/src/cr_startup_lpc175x_6x.o
                0x00000000                g_pfnVectors
                0x000000cc                . = ALIGN (0x4)
                0x000000cc                __section_table_start = .
                0x000000cc                __data_section_table = .
                0x000000cc        0x4 LONG 0x1028 LOADADDR (.data)
                0x000000d0        0x4 LONG 0x10000000 ADDR (.data)
                0x000000d4        0x4 LONG 0x0 SIZEOF (.data)
                0x000000d8        0x4 LONG 0x1028 LOADADDR (.data_RAM2)
                0x000000dc        0x4 LONG 0x2007c000 ADDR (.data_RAM2)
                0x000000e0        0x4 LONG 0x0 SIZEOF (.data_RAM2)
                0x000000e4                __data_section_table_end = .
                0x000000e4                __bss_section_table = .
                0x000000e4        0x4 LONG 0x10000000 ADDR (.bss)
                0x000000e8        0x4 LONG 0x1e8 SIZEOF (.bss)
                0x000000ec        0x4 LONG 0x2007c000 ADDR (.bss_RAM2)
                0x000000f0        0x4 LONG 0x0 SIZEOF (.bss_RAM2)
                0x000000f4                __bss_section_table_end = .
                0x000000f4                __section_table_end = .
 *(.after_vectors*)
 .after_vectors
                0x000000f4      0x12c ./example/src/cr_startup_lpc175x_6x.o
                0x000000f4                data_init
                0x00000136                bss_init
                0x0000016c                ResetISR
                0x000001e4                NMI_Handler
                0x000001ea                HardFault_Handler
                0x000001f0                MemManage_Handler
                0x000001f6                BusFault_Handler
                0x000001fc                UsageFault_Handler
                0x00000202                SVC_Handler
                0x00000208                DebugMon_Handler
                0x0000020e                PendSV_Handler
                0x00000214                SysTick_Handler
                0x0000021a                EINT3_IRQHandler
                0x0000021a                CANActivity_IRQHandler
                0x0000021a                TIMER3_IRQHandler
                0x0000021a                UART0_IRQHandler
                0x0000021a                UART1_IRQHandler
                0x0000021a                EINT2_IRQHandler
                0x0000021a                USBActivity_IRQHandler
                0x0000021a                IntDefaultHandler
                0x0000021a                PLL0_IRQHandler
                0x0000021a                I2C0_IRQHandler
                0x0000021a                I2C1_IRQHandler
                0x0000021a                SSP0_IRQHandler
                0x0000021a                I2S_IRQHandler
                0x0000021a                I2C2_IRQHandler
                0x0000021a                RTC_IRQHandler
                0x0000021a                SPI_IRQHandler
                0x0000021a                RIT_IRQHandler
                0x0000021a                EINT1_IRQHandler
                0x0000021a                TIMER1_IRQHandler
                0x0000021a                UART2_IRQHandler
                0x0000021a                ADC_IRQHandler
                0x0000021a                SSP1_IRQHandler
                0x0000021a                USB_IRQHandler
                0x0000021a                BOD_IRQHandler
                0x0000021a                PLL1_IRQHandler
                0x0000021a                WDT_IRQHandler
                0x0000021a                PWM1_IRQHandler
                0x0000021a                QEI_IRQHandler
                0x0000021a                EINT0_IRQHandler
                0x0000021a                ETH_IRQHandler
                0x0000021a                CAN_IRQHandler
                0x0000021a                DMA_IRQHandler
                0x0000021a                TIMER2_IRQHandler
                0x0000021a                UART3_IRQHandler
                0x0000021a                MCPWM_IRQHandler
 *(.text*)
 .text.SystemInit
                0x00000220       0x24 ./example/src/sysinit.o
                0x00000220                SystemInit
 .text.NVIC_EnableIRQ
                0x00000244       0x30 ./example/src/timer.o
 .text.NVIC_ClearPendingIRQ
                0x00000274       0x34 ./example/src/timer.o
 .text.Chip_GPIO_SetPinState
                0x000002a8       0x64 ./example/src/timer.o
 .text.Chip_GPIO_GetPinState
                0x0000030c       0x38 ./example/src/timer.o
 .text.Chip_GPIO_SetPinDIROutput
                0x00000344       0x36 ./example/src/timer.o
 .text.Chip_GPIO_SetPinDIRInput
                0x0000037a       0x3a ./example/src/timer.o
 .text.Chip_GPIO_SetPinDIR
                0x000003b4       0x42 ./example/src/timer.o
 .text.Chip_GPIO_SetPinToggle
                0x000003f6       0x4c ./example/src/timer.o
 .text.Chip_TIMER_MatchPending
                0x00000442       0x32 ./example/src/timer.o
 .text.Chip_TIMER_ClearMatch
                0x00000474       0x26 ./example/src/timer.o
 .text.Chip_TIMER_Enable
                0x0000049a       0x1e ./example/src/timer.o
 .text.Chip_TIMER_SetMatch
                0x000004b8       0x26 ./example/src/timer.o
 .text.Chip_TIMER_MatchEnableInt
                0x000004de       0x32 ./example/src/timer.o
 .text.Chip_TIMER_ResetOnMatchEnable
                0x00000510       0x34 ./example/src/timer.o
 .text.TIMER0_IRQHandler
                0x00000544       0x30 ./example/src/timer.o
                0x00000544                TIMER0_IRQHandler
 .text.main     0x00000574       0x78 ./example/src/timer.o
                0x00000574                main
 .text.SystemCoreClockUpdate
                0x000005ec       0x18 C:\Users\Fabian\Documents\MCUXpressoIDE_10.2.0_759\workspace\lpc_chip_175x_6x\Debug\liblpc_chip_175x_6x.a(chip_17xx_40xx.o)
                0x000005ec                SystemCoreClockUpdate
 .text.Chip_Clock_IsMainPLLEnabled
                0x00000604       0x24 C:\Users\Fabian\Documents\MCUXpressoIDE_10.2.0_759\workspace\lpc_chip_175x_6x\Debug\liblpc_chip_175x_6x.a(clock_17xx_40xx.o)
 .text.Chip_Clock_IsMainPLLConnected
                0x00000628       0x24 C:\Users\Fabian\Documents\MCUXpressoIDE_10.2.0_759\workspace\lpc_chip_175x_6x\Debug\liblpc_chip_175x_6x.a(clock_17xx_40xx.o)
 .text.Chip_Clock_FeedPLL
                0x0000064c       0x34 C:\Users\Fabian\Documents\MCUXpressoIDE_10.2.0_759\workspace\lpc_chip_175x_6x\Debug\liblpc_chip_175x_6x.a(clock_17xx_40xx.o)
 .text.Chip_Clock_GetMainPLLSource
                0x00000680       0x20 C:\Users\Fabian\Documents\MCUXpressoIDE_10.2.0_759\workspace\lpc_chip_175x_6x\Debug\liblpc_chip_175x_6x.a(clock_17xx_40xx.o)
 .text.Chip_Clock_GetMainOscRate
                0x000006a0       0x14 C:\Users\Fabian\Documents\MCUXpressoIDE_10.2.0_759\workspace\lpc_chip_175x_6x\Debug\liblpc_chip_175x_6x.a(clock_17xx_40xx.o)
 .text.Chip_Clock_GetIntOscRate
                0x000006b4       0x14 C:\Users\Fabian\Documents\MCUXpressoIDE_10.2.0_759\workspace\lpc_chip_175x_6x\Debug\liblpc_chip_175x_6x.a(clock_17xx_40xx.o)
 .text.Chip_Clock_GetRTCOscRate
                0x000006c8       0x14 C:\Users\Fabian\Documents\MCUXpressoIDE_10.2.0_759\workspace\lpc_chip_175x_6x\Debug\liblpc_chip_175x_6x.a(clock_17xx_40xx.o)
 .text.Chip_Clock_GetMainPLLInClockRate
                0x000006dc        0xe C:\Users\Fabian\Documents\MCUXpressoIDE_10.2.0_759\workspace\lpc_chip_175x_6x\Debug\liblpc_chip_175x_6x.a(clock_17xx_40xx.o)
 *fill*         0x000006ea        0x2 ff
 .text.Chip_Clock_EnablePLL
                0x000006ec       0x44 C:\Users\Fabian\Documents\MCUXpressoIDE_10.2.0_759\workspace\lpc_chip_175x_6x\Debug\liblpc_chip_175x_6x.a(clock_17xx_40xx.o)
                0x000006ec                Chip_Clock_EnablePLL
 .text.Chip_Clock_DisablePLL
                0x00000730       0x48 C:\Users\Fabian\Documents\MCUXpressoIDE_10.2.0_759\workspace\lpc_chip_175x_6x\Debug\liblpc_chip_175x_6x.a(clock_17xx_40xx.o)
                0x00000730                Chip_Clock_DisablePLL
 .text.Chip_Clock_SetupPLL
                0x00000778       0x5c C:\Users\Fabian\Documents\MCUXpressoIDE_10.2.0_759\workspace\lpc_chip_175x_6x\Debug\liblpc_chip_175x_6x.a(clock_17xx_40xx.o)
                0x00000778                Chip_Clock_SetupPLL
 .text.Chip_Clock_EnablePeriphClock
                0x000007d4       0x34 C:\Users\Fabian\Documents\MCUXpressoIDE_10.2.0_759\workspace\lpc_chip_175x_6x\Debug\liblpc_chip_175x_6x.a(clock_17xx_40xx.o)
                0x000007d4                Chip_Clock_EnablePeriphClock
 .text.Chip_Clock_GetCPUClockSource
                0x00000808       0x24 C:\Users\Fabian\Documents\MCUXpressoIDE_10.2.0_759\workspace\lpc_chip_175x_6x\Debug\liblpc_chip_175x_6x.a(clock_17xx_40xx.o)
                0x00000808                Chip_Clock_GetCPUClockSource
 .text.Chip_Clock_SetCPUClockDiv
                0x0000082c       0x20 C:\Users\Fabian\Documents\MCUXpressoIDE_10.2.0_759\workspace\lpc_chip_175x_6x\Debug\liblpc_chip_175x_6x.a(clock_17xx_40xx.o)
                0x0000082c                Chip_Clock_SetCPUClockDiv
 .text.Chip_Clock_GetCPUClockDiv
                0x0000084c       0x1c C:\Users\Fabian\Documents\MCUXpressoIDE_10.2.0_759\workspace\lpc_chip_175x_6x\Debug\liblpc_chip_175x_6x.a(clock_17xx_40xx.o)
                0x0000084c                Chip_Clock_GetCPUClockDiv
 .text.Chip_Clock_GetSYSCLKRate
                0x00000868       0x34 C:\Users\Fabian\Documents\MCUXpressoIDE_10.2.0_759\workspace\lpc_chip_175x_6x\Debug\liblpc_chip_175x_6x.a(clock_17xx_40xx.o)
                0x00000868                Chip_Clock_GetSYSCLKRate
 .text.Chip_Clock_GetMainPLLOutClockRate
                0x0000089c       0x54 C:\Users\Fabian\Documents\MCUXpressoIDE_10.2.0_759\workspace\lpc_chip_175x_6x\Debug\liblpc_chip_175x_6x.a(clock_17xx_40xx.o)
                0x0000089c                Chip_Clock_GetMainPLLOutClockRate
 .text.Chip_Clock_GetMainClockRate
                0x000008f0       0x28 C:\Users\Fabian\Documents\MCUXpressoIDE_10.2.0_759\workspace\lpc_chip_175x_6x\Debug\liblpc_chip_175x_6x.a(clock_17xx_40xx.o)
                0x000008f0                Chip_Clock_GetMainClockRate
 .text.Chip_Clock_GetSystemClockRate
                0x00000918       0x18 C:\Users\Fabian\Documents\MCUXpressoIDE_10.2.0_759\workspace\lpc_chip_175x_6x\Debug\liblpc_chip_175x_6x.a(clock_17xx_40xx.o)
                0x00000918                Chip_Clock_GetSystemClockRate
 .text.Chip_Clock_IsMainPLLEnabled
                0x00000930       0x24 C:\Users\Fabian\Documents\MCUXpressoIDE_10.2.0_759\workspace\lpc_chip_175x_6x\Debug\liblpc_chip_175x_6x.a(sysinit_17xx_40xx.o)
 .text.Chip_Clock_IsMainPLLLocked
                0x00000954       0x24 C:\Users\Fabian\Documents\MCUXpressoIDE_10.2.0_759\workspace\lpc_chip_175x_6x\Debug\liblpc_chip_175x_6x.a(sysinit_17xx_40xx.o)
 .text.Chip_Clock_IsMainPLLConnected
                0x00000978       0x24 C:\Users\Fabian\Documents\MCUXpressoIDE_10.2.0_759\workspace\lpc_chip_175x_6x\Debug\liblpc_chip_175x_6x.a(sysinit_17xx_40xx.o)
 .text.Chip_Clock_SetMainPLLSource
                0x0000099c       0x20 C:\Users\Fabian\Documents\MCUXpressoIDE_10.2.0_759\workspace\lpc_chip_175x_6x\Debug\liblpc_chip_175x_6x.a(sysinit_17xx_40xx.o)
 .text.Chip_SetupIrcClocking
                0x000009bc       0x6a C:\Users\Fabian\Documents\MCUXpressoIDE_10.2.0_759\workspace\lpc_chip_175x_6x\Debug\liblpc_chip_175x_6x.a(sysinit_17xx_40xx.o)
                0x000009bc                Chip_SetupIrcClocking
 .text.Chip_SystemInit
                0x00000a26        0xc C:\Users\Fabian\Documents\MCUXpressoIDE_10.2.0_759\workspace\lpc_chip_175x_6x\Debug\liblpc_chip_175x_6x.a(sysinit_17xx_40xx.o)
                0x00000a26                Chip_SystemInit
 *fill*         0x00000a32        0x2 ff
 .text.Chip_Timer_GetClockIndex
                0x00000a34       0x50 C:\Users\Fabian\Documents\MCUXpressoIDE_10.2.0_759\workspace\lpc_chip_175x_6x\Debug\liblpc_chip_175x_6x.a(timer_17xx_40xx.o)
 .text.Chip_TIMER_Init
                0x00000a84       0x1e C:\Users\Fabian\Documents\MCUXpressoIDE_10.2.0_759\workspace\lpc_chip_175x_6x\Debug\liblpc_chip_175x_6x.a(timer_17xx_40xx.o)
                0x00000a84                Chip_TIMER_Init
 .text.Chip_TIMER_Reset
                0x00000aa2       0x3a C:\Users\Fabian\Documents\MCUXpressoIDE_10.2.0_759\workspace\lpc_chip_175x_6x\Debug\liblpc_chip_175x_6x.a(timer_17xx_40xx.o)
                0x00000aa2                Chip_TIMER_Reset
 .text.__main   0x00000adc        0xe c:/nxp/mcuxpressoide_10.2.0_759/ide/tools/bin/../lib/gcc/arm-none-eabi/7.2.1/../../../../arm-none-eabi/lib/thumb/v7-m\libcr_nohost.a(_cr__main.o)
                0x00000adc                __main
 *fill*         0x00000aea        0x2 ff
 .text._initio  0x00000aec       0x78 c:/nxp/mcuxpressoide_10.2.0_759/ide/tools/bin/../lib/gcc/arm-none-eabi/7.2.1/../../../../arm-none-eabi/lib/thumb/v7-m\libcr_c.a(initio.o)
                0x00000aec                _initio
 .text.setvbuf  0x00000b64       0x40 c:/nxp/mcuxpressoide_10.2.0_759/ide/tools/bin/../lib/gcc/arm-none-eabi/7.2.1/../../../../arm-none-eabi/lib/thumb/v7-m\libcr_c.a(setvbuf.o)
                0x00000b64                setvbuf
 .text._fdopen  0x00000ba4       0x68 c:/nxp/mcuxpressoide_10.2.0_759/ide/tools/bin/../lib/gcc/arm-none-eabi/7.2.1/../../../../arm-none-eabi/lib/thumb/v7-m\libcr_c.a(_fdopen.o)
                0x00000ba4                _fdopen
 .text.fclose   0x00000c0c       0x58 c:/nxp/mcuxpressoide_10.2.0_759/ide/tools/bin/../lib/gcc/arm-none-eabi/7.2.1/../../../../arm-none-eabi/lib/thumb/v7-m\libcr_c.a(fclose.o)
                0x00000c0c                fclose
 .text.fflush   0x00000c64       0x44 c:/nxp/mcuxpressoide_10.2.0_759/ide/tools/bin/../lib/gcc/arm-none-eabi/7.2.1/../../../../arm-none-eabi/lib/thumb/v7-m\libcr_c.a(fflush.o)
                0x00000c64                fflush
 .text.fseek    0x00000ca8      0x100 c:/nxp/mcuxpressoide_10.2.0_759/ide/tools/bin/../lib/gcc/arm-none-eabi/7.2.1/../../../../arm-none-eabi/lib/thumb/v7-m\libcr_c.a(fseek.o)
                0x00000ca8                fseek
 .text.ftell    0x00000da8       0x44 c:/nxp/mcuxpressoide_10.2.0_759/ide/tools/bin/../lib/gcc/arm-none-eabi/7.2.1/../../../../arm-none-eabi/lib/thumb/v7-m\libcr_c.a(ftell.o)
                0x00000da8                ftell
 .text.remove   0x00000dec       0x14 c:/nxp/mcuxpressoide_10.2.0_759/ide/tools/bin/../lib/gcc/arm-none-eabi/7.2.1/../../../../arm-none-eabi/lib/thumb/v7-m\libcr_c.a(remove.o)
                0x00000dec                remove
 .text.strlen   0x00000e00       0x4a c:/nxp/mcuxpressoide_10.2.0_759/ide/tools/bin/../lib/gcc/arm-none-eabi/7.2.1/../../../../arm-none-eabi/lib/thumb/v7-m\libcr_c.a(strlen.o)
                0x00000e00                strlen
 .text.memset   0x00000e4a        0x4 c:/nxp/mcuxpressoide_10.2.0_759/ide/tools/bin/../lib/gcc/arm-none-eabi/7.2.1/../../../../arm-none-eabi/lib/thumb/v7-m\libcr_c.a(memset.o)
                0x00000e4a                memset
 .text._do_fflush
                0x00000e4e       0x40 c:/nxp/mcuxpressoide_10.2.0_759/ide/tools/bin/../lib/gcc/arm-none-eabi/7.2.1/../../../../arm-none-eabi/lib/thumb/v7-m\libcr_c.a(_do_fflush.o)
                0x00000e4e                _do_fflush
 .text._fflush  0x00000e8e       0x52 c:/nxp/mcuxpressoide_10.2.0_759/ide/tools/bin/../lib/gcc/arm-none-eabi/7.2.1/../../../../arm-none-eabi/lib/thumb/v7-m\libcr_c.a(_fflush.o)
                0x00000e8e                _fflush
 .text._Cwritebuf
                0x00000ee0       0x6c c:/nxp/mcuxpressoide_10.2.0_759/ide/tools/bin/../lib/gcc/arm-none-eabi/7.2.1/../../../../arm-none-eabi/lib/thumb/v7-m\libcr_c.a(_writebuf.o)
                0x00000ee0                _Cwritebuf
 .text.free     0x00000f4c       0x30 c:/nxp/mcuxpressoide_10.2.0_759/ide/tools/bin/../lib/gcc/arm-none-eabi/7.2.1/../../../../arm-none-eabi/lib/thumb/v7-m\libcr_c.a(alloc.o)
                0x00000f4c                free
 .text._deferredlazyseek
                0x00000f7c       0x40 c:/nxp/mcuxpressoide_10.2.0_759/ide/tools/bin/../lib/gcc/arm-none-eabi/7.2.1/../../../../arm-none-eabi/lib/thumb/v7-m\libcr_c.a(_deferredlazyseek.o)
                0x00000f7c                _deferredlazyseek
 .text.__aeabi_memset_lowlevel
                0x00000fbc       0x32 c:/nxp/mcuxpressoide_10.2.0_759/ide/tools/bin/../lib/gcc/arm-none-eabi/7.2.1/thumb/v7-m\libcr_eabihelpers.a(memcpy.o)
                0x00000fbc                __aeabi_lowlevel_memset
 .text.__sys_close
                0x00000fee        0x6 c:/nxp/mcuxpressoide_10.2.0_759/ide/tools/bin/../lib/gcc/arm-none-eabi/7.2.1/../../../../arm-none-eabi/lib/thumb/v7-m\libcr_nohost.a(__sys_close.o)
                0x00000fee                __sys_close
 .text.__sys_flen
                0x00000ff4        0x6 c:/nxp/mcuxpressoide_10.2.0_759/ide/tools/bin/../lib/gcc/arm-none-eabi/7.2.1/../../../../arm-none-eabi/lib/thumb/v7-m\libcr_nohost.a(__sys_flen.o)
                0x00000ff4                __sys_flen
 .text.__sys_istty
                0x00000ffa        0x6 c:/nxp/mcuxpressoide_10.2.0_759/ide/tools/bin/../lib/gcc/arm-none-eabi/7.2.1/../../../../arm-none-eabi/lib/thumb/v7-m\libcr_nohost.a(__sys_istty.o)
                0x00000ffa                __sys_istty
 .text.__sys_remove
                0x00001000        0x6 c:/nxp/mcuxpressoide_10.2.0_759/ide/tools/bin/../lib/gcc/arm-none-eabi/7.2.1/../../../../arm-none-eabi/lib/thumb/v7-m\libcr_nohost.a(__sys_remove.o)
                0x00001000                __sys_remove
 .text.__sys_seek
                0x00001006        0x6 c:/nxp/mcuxpressoide_10.2.0_759/ide/tools/bin/../lib/gcc/arm-none-eabi/7.2.1/../../../../arm-none-eabi/lib/thumb/v7-m\libcr_nohost.a(__sys_seek.o)
                0x00001006                __sys_seek
 .text.__sys_tmpnam
                0x0000100c        0x6 c:/nxp/mcuxpressoide_10.2.0_759/ide/tools/bin/../lib/gcc/arm-none-eabi/7.2.1/../../../../arm-none-eabi/lib/thumb/v7-m\libcr_nohost.a(__sys_tmpnam.o)
                0x0000100c                __sys_tmpnam
 .text.__sys_write
                0x00001012        0x4 c:/nxp/mcuxpressoide_10.2.0_759/ide/tools/bin/../lib/gcc/arm-none-eabi/7.2.1/../../../../arm-none-eabi/lib/thumb/v7-m\libcr_nohost.a(__sys_write.o)
                0x00001012                __sys_write
 *(.rodata .rodata.* .constdata .constdata.*)
 *fill*         0x00001016        0x2 ff
 .rodata.OscRateIn
                0x00001018        0x4 ./example/src/timer.o
                0x00001018                OscRateIn
 .rodata.RTCOscRateIn
                0x0000101c        0x4 ./example/src/timer.o
                0x0000101c                RTCOscRateIn
 .rodata._initio.str1.1
                0x00001020        0x4 c:/nxp/mcuxpressoide_10.2.0_759/ide/tools/bin/../lib/gcc/arm-none-eabi/7.2.1/../../../../arm-none-eabi/lib/thumb/v7-m\libcr_c.a(initio.o)
 .rodata.__num_Ciob_streams
                0x00001024        0x4 c:/nxp/mcuxpressoide_10.2.0_759/ide/tools/bin/../lib/gcc/arm-none-eabi/7.2.1/../../../../arm-none-eabi/lib/thumb/v7-m\libcr_nohost.a(__ciob.o)
                0x00001024                __num_Ciob_streams
                0x00001028                . = ALIGN (0x4)

.glue_7         0x00001028        0x0
 .glue_7        0x00001028        0x0 linker stubs

.glue_7t        0x00001028        0x0
 .glue_7t       0x00001028        0x0 linker stubs

.vfp11_veneer   0x00001028        0x0
 .vfp11_veneer  0x00001028        0x0 linker stubs

.v4_bx          0x00001028        0x0
 .v4_bx         0x00001028        0x0 linker stubs

.iplt           0x00001028        0x0
 .iplt          0x00001028        0x0 ./example/src/cr_startup_lpc175x_6x.o

.rel.dyn        0x00001028        0x0
 .rel.iplt      0x00001028        0x0 ./example/src/cr_startup_lpc175x_6x.o

.ARM.extab
 *(.ARM.extab* .gnu.linkonce.armextab.*)
                0x00001028                __exidx_start = .

.ARM.exidx
 *(.ARM.exidx* .gnu.linkonce.armexidx.*)
                0x00001028                __exidx_end = .
                0x00001028                _etext = .

.data_RAM2      0x2007c000        0x0 load address 0x00001028
 FILL mask 0xff
                [!provide]                PROVIDE (__start_data_RAM2, .)
 *(.ramfunc.$RAM2)
 *(.ramfunc.$RamAHB32)
 *(.data.$RAM2*)
 *(.data.$RamAHB32*)
                0x2007c000                . = ALIGN (0x4)
                [!provide]                PROVIDE (__end_data_RAM2, .)

.uninit_RESERVED
                0x10000000        0x0
 *(.bss.$RESERVED*)
                0x10000000                . = ALIGN (0x4)
                0x10000000                _end_uninit_RESERVED = .

.data           0x10000000        0x0 load address 0x00001028
 FILL mask 0xff
                0x10000000                _data = .
 *(vtable)
 *(.ramfunc*)
 *(.data*)
                0x10000000                . = ALIGN (0x4)
                0x10000000                _edata = .

.igot.plt       0x10000000        0x0 load address 0x00001028
 .igot.plt      0x10000000        0x0 ./example/src/cr_startup_lpc175x_6x.o

.bss_RAM2       0x2007c000        0x0
                [!provide]                PROVIDE (__start_bss_RAM2, .)
 *(.bss.$RAM2*)
 *(.bss.$RamAHB32*)
                0x2007c000                . = ALIGN ((. != 0x0)?0x4:0x1)
                [!provide]                PROVIDE (__end_bss_RAM2, .)

.bss            0x10000000      0x1e8
                0x10000000                _bss = .
 *(.bss*)
 .bss.errno     0x10000000        0x4 c:/nxp/mcuxpressoide_10.2.0_759/ide/tools/bin/../lib/gcc/arm-none-eabi/7.2.1/../../../../arm-none-eabi/lib/thumb/v7-m\libcr_c.a(errno.o)
                0x10000000                errno
 .bss.__Ciob    0x10000004      0x1e0 c:/nxp/mcuxpressoide_10.2.0_759/ide/tools/bin/../lib/gcc/arm-none-eabi/7.2.1/../../../../arm-none-eabi/lib/thumb/v7-m\libcr_nohost.a(__ciob.o)
                0x10000004                __Ciob
 *(COMMON)
 COMMON         0x100001e4        0x4 C:\Users\Fabian\Documents\MCUXpressoIDE_10.2.0_759\workspace\lpc_chip_175x_6x\Debug\liblpc_chip_175x_6x.a(chip_17xx_40xx.o)
                0x100001e4                SystemCoreClock
                0x100001e8                . = ALIGN (0x4)
                0x100001e8                _ebss = .
                [!provide]                PROVIDE (end, .)

.noinit_RAM2    0x2007c000        0x0
 *(.noinit.$RAM2*)
 *(.noinit.$RamAHB32*)
                0x2007c000                . = ALIGN (0x4)

.noinit         0x100001e8        0x0
                0x100001e8                _noinit = .
 *(.noinit*)
                0x100001e8                . = ALIGN (0x4)
                0x100001e8                _end_noinit = .
                0x100001e8                PROVIDE (_pvHeapStart, DEFINED (__user_heap_base)?__user_heap_base:.)
                0x10008000                PROVIDE (_vStackTop, DEFINED (__user_stack_top)?__user_stack_top:(__top_RamLoc32 - 0x0))
                [!provide]                PROVIDE (__valid_user_code_checksum, (0x0 - ((((((_vStackTop + (ResetISR + 0x1)) + (NMI_Handler + 0x1)) + (HardFault_Handler + 0x1)) + (DEFINED (MemManage_Handler)?MemManage_Handler:0x0 + 0x1)) + (DEFINED (BusFault_Handler)?BusFault_Handler:0x0 + 0x1)) + (DEFINED (UsageFault_Handler)?UsageFault_Handler:0x0 + 0x1))))
                0x00000000                _image_start = LOADADDR (.text)
                0x00001028                _image_end = (LOADADDR (.data) + SIZEOF (.data))
                0x00001028                _image_size = (_image_end - _image_start)
OUTPUT(periph_timer.axf elf32-littlearm)

.debug_info     0x00000000     0x2739
 .debug_info    0x00000000      0x251 ./example/src/cr_startup_lpc175x_6x.o
 .debug_info    0x00000251      0x133 ./example/src/sysinit.o
 .debug_info    0x00000384      0xa1c ./example/src/timer.o
 .debug_info    0x00000da0      0x558 C:\Users\Fabian\Documents\MCUXpressoIDE_10.2.0_759\workspace\lpc_chip_175x_6x\Debug\liblpc_chip_175x_6x.a(chip_17xx_40xx.o)
 .debug_info    0x000012f8      0xba2 C:\Users\Fabian\Documents\MCUXpressoIDE_10.2.0_759\workspace\lpc_chip_175x_6x\Debug\liblpc_chip_175x_6x.a(clock_17xx_40xx.o)
 .debug_info    0x00001e9a      0x474 C:\Users\Fabian\Documents\MCUXpressoIDE_10.2.0_759\workspace\lpc_chip_175x_6x\Debug\liblpc_chip_175x_6x.a(sysinit_17xx_40xx.o)
 .debug_info    0x0000230e      0x42b C:\Users\Fabian\Documents\MCUXpressoIDE_10.2.0_759\workspace\lpc_chip_175x_6x\Debug\liblpc_chip_175x_6x.a(timer_17xx_40xx.o)

.debug_abbrev   0x00000000      0xb8e
 .debug_abbrev  0x00000000      0x103 ./example/src/cr_startup_lpc175x_6x.o
 .debug_abbrev  0x00000103       0xb6 ./example/src/sysinit.o
 .debug_abbrev  0x000001b9      0x27c ./example/src/timer.o
 .debug_abbrev  0x00000435      0x151 C:\Users\Fabian\Documents\MCUXpressoIDE_10.2.0_759\workspace\lpc_chip_175x_6x\Debug\liblpc_chip_175x_6x.a(chip_17xx_40xx.o)
 .debug_abbrev  0x00000586      0x309 C:\Users\Fabian\Documents\MCUXpressoIDE_10.2.0_759\workspace\lpc_chip_175x_6x\Debug\liblpc_chip_175x_6x.a(clock_17xx_40xx.o)
 .debug_abbrev  0x0000088f      0x18e C:\Users\Fabian\Documents\MCUXpressoIDE_10.2.0_759\workspace\lpc_chip_175x_6x\Debug\liblpc_chip_175x_6x.a(sysinit_17xx_40xx.o)
 .debug_abbrev  0x00000a1d      0x171 C:\Users\Fabian\Documents\MCUXpressoIDE_10.2.0_759\workspace\lpc_chip_175x_6x\Debug\liblpc_chip_175x_6x.a(timer_17xx_40xx.o)

.debug_aranges  0x00000000      0x330
 .debug_aranges
                0x00000000       0x80 ./example/src/cr_startup_lpc175x_6x.o
 .debug_aranges
                0x00000080       0x20 ./example/src/sysinit.o
 .debug_aranges
                0x000000a0       0x98 ./example/src/timer.o
 .debug_aranges
                0x00000138       0x38 C:\Users\Fabian\Documents\MCUXpressoIDE_10.2.0_759\workspace\lpc_chip_175x_6x\Debug\liblpc_chip_175x_6x.a(chip_17xx_40xx.o)
 .debug_aranges
                0x00000170      0x120 C:\Users\Fabian\Documents\MCUXpressoIDE_10.2.0_759\workspace\lpc_chip_175x_6x\Debug\liblpc_chip_175x_6x.a(clock_17xx_40xx.o)
 .debug_aranges
                0x00000290       0x60 C:\Users\Fabian\Documents\MCUXpressoIDE_10.2.0_759\workspace\lpc_chip_175x_6x\Debug\liblpc_chip_175x_6x.a(sysinit_17xx_40xx.o)
 .debug_aranges
                0x000002f0       0x40 C:\Users\Fabian\Documents\MCUXpressoIDE_10.2.0_759\workspace\lpc_chip_175x_6x\Debug\liblpc_chip_175x_6x.a(timer_17xx_40xx.o)

.debug_ranges   0x00000000      0x2c0
 .debug_ranges  0x00000000       0x70 ./example/src/cr_startup_lpc175x_6x.o
 .debug_ranges  0x00000070       0x10 ./example/src/sysinit.o
 .debug_ranges  0x00000080       0x88 ./example/src/timer.o
 .debug_ranges  0x00000108       0x28 C:\Users\Fabian\Documents\MCUXpressoIDE_10.2.0_759\workspace\lpc_chip_175x_6x\Debug\liblpc_chip_175x_6x.a(chip_17xx_40xx.o)
 .debug_ranges  0x00000130      0x110 C:\Users\Fabian\Documents\MCUXpressoIDE_10.2.0_759\workspace\lpc_chip_175x_6x\Debug\liblpc_chip_175x_6x.a(clock_17xx_40xx.o)
 .debug_ranges  0x00000240       0x50 C:\Users\Fabian\Documents\MCUXpressoIDE_10.2.0_759\workspace\lpc_chip_175x_6x\Debug\liblpc_chip_175x_6x.a(sysinit_17xx_40xx.o)
 .debug_ranges  0x00000290       0x30 C:\Users\Fabian\Documents\MCUXpressoIDE_10.2.0_759\workspace\lpc_chip_175x_6x\Debug\liblpc_chip_175x_6x.a(timer_17xx_40xx.o)

.debug_macro    0x00000000     0x4514
 .debug_macro   0x00000000       0x1d ./example/src/cr_startup_lpc175x_6x.o
 .debug_macro   0x0000001d      0xa66 ./example/src/cr_startup_lpc175x_6x.o
 .debug_macro   0x00000a83      0x1cd ./example/src/sysinit.o
 .debug_macro   0x00000c50       0x10 ./example/src/sysinit.o
 .debug_macro   0x00000c60      0x12d ./example/src/sysinit.o
 .debug_macro   0x00000d8d      0x5b2 ./example/src/sysinit.o
 .debug_macro   0x0000133f       0x22 ./example/src/sysinit.o
 .debug_macro   0x00001361       0x7b ./example/src/sysinit.o
 .debug_macro   0x000013dc       0x10 ./example/src/sysinit.o
 .debug_macro   0x000013ec       0x2d ./example/src/sysinit.o
 .debug_macro   0x00001419       0x3a ./example/src/sysinit.o
 .debug_macro   0x00001453       0x2d ./example/src/sysinit.o
 .debug_macro   0x00001480      0xbb1 ./example/src/sysinit.o
 .debug_macro   0x00002031      0x22c ./example/src/sysinit.o
 .debug_macro   0x0000225d       0x42 ./example/src/sysinit.o
 .debug_macro   0x0000229f       0x52 ./example/src/sysinit.o
 .debug_macro   0x000022f1       0x78 ./example/src/sysinit.o
 .debug_macro   0x00002369       0x82 ./example/src/sysinit.o
 .debug_macro   0x000023eb      0x48c ./example/src/sysinit.o
 .debug_macro   0x00002877       0x34 ./example/src/sysinit.o
 .debug_macro   0x000028ab      0x4c5 ./example/src/sysinit.o
 .debug_macro   0x00002d70      0x1b7 ./example/src/sysinit.o
 .debug_macro   0x00002f27       0x10 ./example/src/sysinit.o
 .debug_macro   0x00002f37      0x21b ./example/src/sysinit.o
 .debug_macro   0x00003152      0x1b9 ./example/src/sysinit.o
 .debug_macro   0x0000330b       0x40 ./example/src/sysinit.o
 .debug_macro   0x0000334b       0x22 ./example/src/sysinit.o
 .debug_macro   0x0000336d      0x162 ./example/src/sysinit.o
 .debug_macro   0x000034cf       0x94 ./example/src/sysinit.o
 .debug_macro   0x00003563       0xb8 ./example/src/sysinit.o
 .debug_macro   0x0000361b       0x4c ./example/src/sysinit.o
 .debug_macro   0x00003667       0x16 ./example/src/sysinit.o
 .debug_macro   0x0000367d      0x328 ./example/src/sysinit.o
 .debug_macro   0x000039a5       0x49 ./example/src/sysinit.o
 .debug_macro   0x000039ee       0x16 ./example/src/sysinit.o
 .debug_macro   0x00003a04       0xca ./example/src/sysinit.o
 .debug_macro   0x00003ace       0x18 ./example/src/sysinit.o
 .debug_macro   0x00003ae6      0x1e6 ./example/src/timer.o
 .debug_macro   0x00003ccc       0xa0 ./example/src/timer.o
 .debug_macro   0x00003d6c       0x74 ./example/src/timer.o
 .debug_macro   0x00003de0      0x1cd C:\Users\Fabian\Documents\MCUXpressoIDE_10.2.0_759\workspace\lpc_chip_175x_6x\Debug\liblpc_chip_175x_6x.a(chip_17xx_40xx.o)
 .debug_macro   0x00003fad      0x1cd C:\Users\Fabian\Documents\MCUXpressoIDE_10.2.0_759\workspace\lpc_chip_175x_6x\Debug\liblpc_chip_175x_6x.a(clock_17xx_40xx.o)
 .debug_macro   0x0000417a      0x1cd C:\Users\Fabian\Documents\MCUXpressoIDE_10.2.0_759\workspace\lpc_chip_175x_6x\Debug\liblpc_chip_175x_6x.a(sysinit_17xx_40xx.o)
 .debug_macro   0x00004347      0x1cd C:\Users\Fabian\Documents\MCUXpressoIDE_10.2.0_759\workspace\lpc_chip_175x_6x\Debug\liblpc_chip_175x_6x.a(timer_17xx_40xx.o)

.debug_line     0x00000000     0x1eb2
 .debug_line    0x00000000       0xdb ./example/src/cr_startup_lpc175x_6x.o
 .debug_line    0x000000db      0x410 ./example/src/sysinit.o
 .debug_line    0x000004eb      0x564 ./example/src/timer.o
 .debug_line    0x00000a4f      0x458 C:\Users\Fabian\Documents\MCUXpressoIDE_10.2.0_759\workspace\lpc_chip_175x_6x\Debug\liblpc_chip_175x_6x.a(chip_17xx_40xx.o)
 .debug_line    0x00000ea7      0x6d4 C:\Users\Fabian\Documents\MCUXpressoIDE_10.2.0_759\workspace\lpc_chip_175x_6x\Debug\liblpc_chip_175x_6x.a(clock_17xx_40xx.o)
 .debug_line    0x0000157b      0x4ce C:\Users\Fabian\Documents\MCUXpressoIDE_10.2.0_759\workspace\lpc_chip_175x_6x\Debug\liblpc_chip_175x_6x.a(sysinit_17xx_40xx.o)
 .debug_line    0x00001a49      0x469 C:\Users\Fabian\Documents\MCUXpressoIDE_10.2.0_759\workspace\lpc_chip_175x_6x\Debug\liblpc_chip_175x_6x.a(timer_17xx_40xx.o)

.debug_str      0x00000000    0x125e2
 .debug_str     0x00000000     0x2eb7 ./example/src/cr_startup_lpc175x_6x.o
                               0x2eca (size before relaxing)
 .debug_str     0x00002eb7     0xdf8d ./example/src/sysinit.o
                              0x10d4a (size before relaxing)
 .debug_str     0x00010e44      0x8e2 ./example/src/timer.o
                              0x11620 (size before relaxing)
 .debug_str     0x00011726      0x470 C:\Users\Fabian\Documents\MCUXpressoIDE_10.2.0_759\workspace\lpc_chip_175x_6x\Debug\liblpc_chip_175x_6x.a(chip_17xx_40xx.o)
                              0x1130d (size before relaxing)
 .debug_str     0x00011b96      0x857 C:\Users\Fabian\Documents\MCUXpressoIDE_10.2.0_759\workspace\lpc_chip_175x_6x\Debug\liblpc_chip_175x_6x.a(clock_17xx_40xx.o)
                              0x1198b (size before relaxing)
 .debug_str     0x000123ed       0xc4 C:\Users\Fabian\Documents\MCUXpressoIDE_10.2.0_759\workspace\lpc_chip_175x_6x\Debug\liblpc_chip_175x_6x.a(sysinit_17xx_40xx.o)
                              0x10ff0 (size before relaxing)
 .debug_str     0x000124b1      0x131 C:\Users\Fabian\Documents\MCUXpressoIDE_10.2.0_759\workspace\lpc_chip_175x_6x\Debug\liblpc_chip_175x_6x.a(timer_17xx_40xx.o)
                              0x11139 (size before relaxing)

.comment        0x00000000       0x7e
 .comment       0x00000000       0x7e ./example/src/cr_startup_lpc175x_6x.o
                                 0x7f (size before relaxing)
 .comment       0x0000007e       0x7f ./example/src/sysinit.o
 .comment       0x0000007e       0x7f ./example/src/timer.o
 .comment       0x0000007e       0x7f C:\Users\Fabian\Documents\MCUXpressoIDE_10.2.0_759\workspace\lpc_chip_175x_6x\Debug\liblpc_chip_175x_6x.a(chip_17xx_40xx.o)
 .comment       0x0000007e       0x7f C:\Users\Fabian\Documents\MCUXpressoIDE_10.2.0_759\workspace\lpc_chip_175x_6x\Debug\liblpc_chip_175x_6x.a(clock_17xx_40xx.o)
 .comment       0x0000007e       0x7f C:\Users\Fabian\Documents\MCUXpressoIDE_10.2.0_759\workspace\lpc_chip_175x_6x\Debug\liblpc_chip_175x_6x.a(sysinit_17xx_40xx.o)
 .comment       0x0000007e       0x7f C:\Users\Fabian\Documents\MCUXpressoIDE_10.2.0_759\workspace\lpc_chip_175x_6x\Debug\liblpc_chip_175x_6x.a(timer_17xx_40xx.o)
 .comment       0x0000007e       0x7f c:/nxp/mcuxpressoide_10.2.0_759/ide/tools/bin/../lib/gcc/arm-none-eabi/7.2.1/../../../../arm-none-eabi/lib/thumb/v7-m\libcr_nohost.a(_cr__main.o)
 .comment       0x0000007e       0x7f c:/nxp/mcuxpressoide_10.2.0_759/ide/tools/bin/../lib/gcc/arm-none-eabi/7.2.1/../../../../arm-none-eabi/lib/thumb/v7-m\libcr_c.a(initio.o)
 .comment       0x0000007e       0x7f c:/nxp/mcuxpressoide_10.2.0_759/ide/tools/bin/../lib/gcc/arm-none-eabi/7.2.1/../../../../arm-none-eabi/lib/thumb/v7-m\libcr_c.a(setvbuf.o)
 .comment       0x0000007e       0x7f c:/nxp/mcuxpressoide_10.2.0_759/ide/tools/bin/../lib/gcc/arm-none-eabi/7.2.1/../../../../arm-none-eabi/lib/thumb/v7-m\libcr_c.a(_fdopen.o)
 .comment       0x0000007e       0x7f c:/nxp/mcuxpressoide_10.2.0_759/ide/tools/bin/../lib/gcc/arm-none-eabi/7.2.1/../../../../arm-none-eabi/lib/thumb/v7-m\libcr_c.a(fclose.o)
 .comment       0x0000007e       0x7f c:/nxp/mcuxpressoide_10.2.0_759/ide/tools/bin/../lib/gcc/arm-none-eabi/7.2.1/../../../../arm-none-eabi/lib/thumb/v7-m\libcr_c.a(fflush.o)
 .comment       0x0000007e       0x7f c:/nxp/mcuxpressoide_10.2.0_759/ide/tools/bin/../lib/gcc/arm-none-eabi/7.2.1/../../../../arm-none-eabi/lib/thumb/v7-m\libcr_c.a(fseek.o)
 .comment       0x0000007e       0x7f c:/nxp/mcuxpressoide_10.2.0_759/ide/tools/bin/../lib/gcc/arm-none-eabi/7.2.1/../../../../arm-none-eabi/lib/thumb/v7-m\libcr_c.a(ftell.o)
 .comment       0x0000007e       0x7f c:/nxp/mcuxpressoide_10.2.0_759/ide/tools/bin/../lib/gcc/arm-none-eabi/7.2.1/../../../../arm-none-eabi/lib/thumb/v7-m\libcr_c.a(remove.o)
 .comment       0x0000007e       0x7f c:/nxp/mcuxpressoide_10.2.0_759/ide/tools/bin/../lib/gcc/arm-none-eabi/7.2.1/../../../../arm-none-eabi/lib/thumb/v7-m\libcr_c.a(strlen.o)
 .comment       0x0000007e       0x7f c:/nxp/mcuxpressoide_10.2.0_759/ide/tools/bin/../lib/gcc/arm-none-eabi/7.2.1/../../../../arm-none-eabi/lib/thumb/v7-m\libcr_c.a(memset.o)
 .comment       0x0000007e       0x7f c:/nxp/mcuxpressoide_10.2.0_759/ide/tools/bin/../lib/gcc/arm-none-eabi/7.2.1/../../../../arm-none-eabi/lib/thumb/v7-m\libcr_c.a(_do_fflush.o)
 .comment       0x0000007e       0x7f c:/nxp/mcuxpressoide_10.2.0_759/ide/tools/bin/../lib/gcc/arm-none-eabi/7.2.1/../../../../arm-none-eabi/lib/thumb/v7-m\libcr_c.a(_fflush.o)
 .comment       0x0000007e       0x7f c:/nxp/mcuxpressoide_10.2.0_759/ide/tools/bin/../lib/gcc/arm-none-eabi/7.2.1/../../../../arm-none-eabi/lib/thumb/v7-m\libcr_c.a(_writebuf.o)
 .comment       0x0000007e       0x7f c:/nxp/mcuxpressoide_10.2.0_759/ide/tools/bin/../lib/gcc/arm-none-eabi/7.2.1/../../../../arm-none-eabi/lib/thumb/v7-m\libcr_c.a(alloc.o)
 .comment       0x0000007e       0x7f c:/nxp/mcuxpressoide_10.2.0_759/ide/tools/bin/../lib/gcc/arm-none-eabi/7.2.1/../../../../arm-none-eabi/lib/thumb/v7-m\libcr_c.a(errno.o)
 .comment       0x0000007e       0x7f c:/nxp/mcuxpressoide_10.2.0_759/ide/tools/bin/../lib/gcc/arm-none-eabi/7.2.1/../../../../arm-none-eabi/lib/thumb/v7-m\libcr_c.a(_deferredlazyseek.o)
 .comment       0x0000007e       0x7f c:/nxp/mcuxpressoide_10.2.0_759/ide/tools/bin/../lib/gcc/arm-none-eabi/7.2.1/../../../../arm-none-eabi/lib/thumb/v7-m\libcr_nohost.a(__ciob.o)
 .comment       0x0000007e       0x7f c:/nxp/mcuxpressoide_10.2.0_759/ide/tools/bin/../lib/gcc/arm-none-eabi/7.2.1/../../../../arm-none-eabi/lib/thumb/v7-m\libcr_nohost.a(__sys_close.o)
 .comment       0x0000007e       0x7f c:/nxp/mcuxpressoide_10.2.0_759/ide/tools/bin/../lib/gcc/arm-none-eabi/7.2.1/../../../../arm-none-eabi/lib/thumb/v7-m\libcr_nohost.a(__sys_flen.o)
 .comment       0x0000007e       0x7f c:/nxp/mcuxpressoide_10.2.0_759/ide/tools/bin/../lib/gcc/arm-none-eabi/7.2.1/../../../../arm-none-eabi/lib/thumb/v7-m\libcr_nohost.a(__sys_istty.o)
 .comment       0x0000007e       0x7f c:/nxp/mcuxpressoide_10.2.0_759/ide/tools/bin/../lib/gcc/arm-none-eabi/7.2.1/../../../../arm-none-eabi/lib/thumb/v7-m\libcr_nohost.a(__sys_remove.o)
 .comment       0x0000007e       0x7f c:/nxp/mcuxpressoide_10.2.0_759/ide/tools/bin/../lib/gcc/arm-none-eabi/7.2.1/../../../../arm-none-eabi/lib/thumb/v7-m\libcr_nohost.a(__sys_seek.o)
 .comment       0x0000007e       0x7f c:/nxp/mcuxpressoide_10.2.0_759/ide/tools/bin/../lib/gcc/arm-none-eabi/7.2.1/../../../../arm-none-eabi/lib/thumb/v7-m\libcr_nohost.a(__sys_tmpnam.o)
 .comment       0x0000007e       0x7f c:/nxp/mcuxpressoide_10.2.0_759/ide/tools/bin/../lib/gcc/arm-none-eabi/7.2.1/../../../../arm-none-eabi/lib/thumb/v7-m\libcr_nohost.a(__sys_write.o)

.ARM.attributes
                0x00000000       0x31
 .ARM.attributes
                0x00000000       0x33 ./example/src/cr_startup_lpc175x_6x.o
 .ARM.attributes
                0x00000033       0x33 ./example/src/sysinit.o
 .ARM.attributes
                0x00000066       0x33 ./example/src/timer.o
 .ARM.attributes
                0x00000099       0x33 C:\Users\Fabian\Documents\MCUXpressoIDE_10.2.0_759\workspace\lpc_chip_175x_6x\Debug\liblpc_chip_175x_6x.a(chip_17xx_40xx.o)
 .ARM.attributes
                0x000000cc       0x33 C:\Users\Fabian\Documents\MCUXpressoIDE_10.2.0_759\workspace\lpc_chip_175x_6x\Debug\liblpc_chip_175x_6x.a(clock_17xx_40xx.o)
 .ARM.attributes
                0x000000ff       0x33 C:\Users\Fabian\Documents\MCUXpressoIDE_10.2.0_759\workspace\lpc_chip_175x_6x\Debug\liblpc_chip_175x_6x.a(sysinit_17xx_40xx.o)
 .ARM.attributes
                0x00000132       0x33 C:\Users\Fabian\Documents\MCUXpressoIDE_10.2.0_759\workspace\lpc_chip_175x_6x\Debug\liblpc_chip_175x_6x.a(timer_17xx_40xx.o)
 .ARM.attributes
                0x00000165       0x33 c:/nxp/mcuxpressoide_10.2.0_759/ide/tools/bin/../lib/gcc/arm-none-eabi/7.2.1/../../../../arm-none-eabi/lib/thumb/v7-m\libcr_nohost.a(_cr__main.o)
 .ARM.attributes
                0x00000198       0x33 c:/nxp/mcuxpressoide_10.2.0_759/ide/tools/bin/../lib/gcc/arm-none-eabi/7.2.1/../../../../arm-none-eabi/lib/thumb/v7-m\libcr_c.a(initio.o)
 .ARM.attributes
                0x000001cb       0x33 c:/nxp/mcuxpressoide_10.2.0_759/ide/tools/bin/../lib/gcc/arm-none-eabi/7.2.1/../../../../arm-none-eabi/lib/thumb/v7-m\libcr_c.a(setvbuf.o)
 .ARM.attributes
                0x000001fe       0x33 c:/nxp/mcuxpressoide_10.2.0_759/ide/tools/bin/../lib/gcc/arm-none-eabi/7.2.1/../../../../arm-none-eabi/lib/thumb/v7-m\libcr_c.a(_fdopen.o)
 .ARM.attributes
                0x00000231       0x33 c:/nxp/mcuxpressoide_10.2.0_759/ide/tools/bin/../lib/gcc/arm-none-eabi/7.2.1/../../../../arm-none-eabi/lib/thumb/v7-m\libcr_c.a(fclose.o)
 .ARM.attributes
                0x00000264       0x33 c:/nxp/mcuxpressoide_10.2.0_759/ide/tools/bin/../lib/gcc/arm-none-eabi/7.2.1/../../../../arm-none-eabi/lib/thumb/v7-m\libcr_c.a(fflush.o)
 .ARM.attributes
                0x00000297       0x33 c:/nxp/mcuxpressoide_10.2.0_759/ide/tools/bin/../lib/gcc/arm-none-eabi/7.2.1/../../../../arm-none-eabi/lib/thumb/v7-m\libcr_c.a(fseek.o)
 .ARM.attributes
                0x000002ca       0x33 c:/nxp/mcuxpressoide_10.2.0_759/ide/tools/bin/../lib/gcc/arm-none-eabi/7.2.1/../../../../arm-none-eabi/lib/thumb/v7-m\libcr_c.a(ftell.o)
 .ARM.attributes
                0x000002fd       0x33 c:/nxp/mcuxpressoide_10.2.0_759/ide/tools/bin/../lib/gcc/arm-none-eabi/7.2.1/../../../../arm-none-eabi/lib/thumb/v7-m\libcr_c.a(remove.o)
 .ARM.attributes
                0x00000330       0x33 c:/nxp/mcuxpressoide_10.2.0_759/ide/tools/bin/../lib/gcc/arm-none-eabi/7.2.1/../../../../arm-none-eabi/lib/thumb/v7-m\libcr_c.a(strlen.o)
 .ARM.attributes
                0x00000363       0x33 c:/nxp/mcuxpressoide_10.2.0_759/ide/tools/bin/../lib/gcc/arm-none-eabi/7.2.1/../../../../arm-none-eabi/lib/thumb/v7-m\libcr_c.a(memset.o)
 .ARM.attributes
                0x00000396       0x33 c:/nxp/mcuxpressoide_10.2.0_759/ide/tools/bin/../lib/gcc/arm-none-eabi/7.2.1/../../../../arm-none-eabi/lib/thumb/v7-m\libcr_c.a(_do_fflush.o)
 .ARM.attributes
                0x000003c9       0x33 c:/nxp/mcuxpressoide_10.2.0_759/ide/tools/bin/../lib/gcc/arm-none-eabi/7.2.1/../../../../arm-none-eabi/lib/thumb/v7-m\libcr_c.a(_fflush.o)
 .ARM.attributes
                0x000003fc       0x33 c:/nxp/mcuxpressoide_10.2.0_759/ide/tools/bin/../lib/gcc/arm-none-eabi/7.2.1/../../../../arm-none-eabi/lib/thumb/v7-m\libcr_c.a(_writebuf.o)
 .ARM.attributes
                0x0000042f       0x33 c:/nxp/mcuxpressoide_10.2.0_759/ide/tools/bin/../lib/gcc/arm-none-eabi/7.2.1/../../../../arm-none-eabi/lib/thumb/v7-m\libcr_c.a(alloc.o)
 .ARM.attributes
                0x00000462       0x33 c:/nxp/mcuxpressoide_10.2.0_759/ide/tools/bin/../lib/gcc/arm-none-eabi/7.2.1/../../../../arm-none-eabi/lib/thumb/v7-m\libcr_c.a(errno.o)
 .ARM.attributes
                0x00000495       0x33 c:/nxp/mcuxpressoide_10.2.0_759/ide/tools/bin/../lib/gcc/arm-none-eabi/7.2.1/../../../../arm-none-eabi/lib/thumb/v7-m\libcr_c.a(_deferredlazyseek.o)
 .ARM.attributes
                0x000004c8       0x21 c:/nxp/mcuxpressoide_10.2.0_759/ide/tools/bin/../lib/gcc/arm-none-eabi/7.2.1/thumb/v7-m\libcr_eabihelpers.a(memcpy.o)
 .ARM.attributes
                0x000004e9       0x33 c:/nxp/mcuxpressoide_10.2.0_759/ide/tools/bin/../lib/gcc/arm-none-eabi/7.2.1/../../../../arm-none-eabi/lib/thumb/v7-m\libcr_nohost.a(__ciob.o)
 .ARM.attributes
                0x0000051c       0x33 c:/nxp/mcuxpressoide_10.2.0_759/ide/tools/bin/../lib/gcc/arm-none-eabi/7.2.1/../../../../arm-none-eabi/lib/thumb/v7-m\libcr_nohost.a(__sys_close.o)
 .ARM.attributes
                0x0000054f       0x33 c:/nxp/mcuxpressoide_10.2.0_759/ide/tools/bin/../lib/gcc/arm-none-eabi/7.2.1/../../../../arm-none-eabi/lib/thumb/v7-m\libcr_nohost.a(__sys_flen.o)
 .ARM.attributes
                0x00000582       0x33 c:/nxp/mcuxpressoide_10.2.0_759/ide/tools/bin/../lib/gcc/arm-none-eabi/7.2.1/../../../../arm-none-eabi/lib/thumb/v7-m\libcr_nohost.a(__sys_istty.o)
 .ARM.attributes
                0x000005b5       0x33 c:/nxp/mcuxpressoide_10.2.0_759/ide/tools/bin/../lib/gcc/arm-none-eabi/7.2.1/../../../../arm-none-eabi/lib/thumb/v7-m\libcr_nohost.a(__sys_remove.o)
 .ARM.attributes
                0x000005e8       0x33 c:/nxp/mcuxpressoide_10.2.0_759/ide/tools/bin/../lib/gcc/arm-none-eabi/7.2.1/../../../../arm-none-eabi/lib/thumb/v7-m\libcr_nohost.a(__sys_seek.o)
 .ARM.attributes
                0x0000061b       0x33 c:/nxp/mcuxpressoide_10.2.0_759/ide/tools/bin/../lib/gcc/arm-none-eabi/7.2.1/../../../../arm-none-eabi/lib/thumb/v7-m\libcr_nohost.a(__sys_tmpnam.o)
 .ARM.attributes
                0x0000064e       0x33 c:/nxp/mcuxpressoide_10.2.0_759/ide/tools/bin/../lib/gcc/arm-none-eabi/7.2.1/../../../../arm-none-eabi/lib/thumb/v7-m\libcr_nohost.a(__sys_write.o)

.debug_frame    0x00000000      0xb2c
 .debug_frame   0x00000000      0x170 ./example/src/cr_startup_lpc175x_6x.o
 .debug_frame   0x00000170       0x34 ./example/src/sysinit.o
 .debug_frame   0x000001a4      0x274 ./example/src/timer.o
 .debug_frame   0x00000418       0x88 C:\Users\Fabian\Documents\MCUXpressoIDE_10.2.0_759\workspace\lpc_chip_175x_6x\Debug\liblpc_chip_175x_6x.a(chip_17xx_40xx.o)
 .debug_frame   0x000004a0      0x490 C:\Users\Fabian\Documents\MCUXpressoIDE_10.2.0_759\workspace\lpc_chip_175x_6x\Debug\liblpc_chip_175x_6x.a(clock_17xx_40xx.o)
 .debug_frame   0x00000930      0x12c C:\Users\Fabian\Documents\MCUXpressoIDE_10.2.0_759\workspace\lpc_chip_175x_6x\Debug\liblpc_chip_175x_6x.a(sysinit_17xx_40xx.o)
 .debug_frame   0x00000a5c       0xd0 C:\Users\Fabian\Documents\MCUXpressoIDE_10.2.0_759\workspace\lpc_chip_175x_6x\Debug\liblpc_chip_175x_6x.a(timer_17xx_40xx.o)
