21:15:28 **** Incremental Build of configuration Debug for project PID_V0 ****
make -r -j4 all 
Building file: ../src/PID_V0.c
Invoking: MCU C Compiler
arm-none-eabi-gcc -DDEBUG -D__CODE_RED -DCORE_M3 -D__USE_LPCOPEN -DNO_BOARD_LIB -D__LPC17XX__ -D__REDLIB__ -I"C:\Users\Fabian\Documents\MCUXpressoIDE_10.2.0_759\workspace\lpc_chip_175x_6x\inc" -O0 -fno-common -g3 -Wall -c -fmessage-length=0 -fno-builtin -ffunction-sections -fdata-sections -mcpu=cortex-m3 -mthumb -specs=redlib.specs -MMD -MP -MF"src/PID_V0.d" -MT"src/PID_V0.o" -MT"src/PID_V0.d" -o "src/PID_V0.o" "../src/PID_V0.c"
Finished building: ../src/PID_V0.c
 
Building target: PID_V0.axf
Invoking: MCU Linker
arm-none-eabi-gcc -nostdlib -L"C:\Users\Fabian\Documents\MCUXpressoIDE_10.2.0_759\workspace\lpc_chip_175x_6x\Debug" -Xlinker -Map="PID_V0.map" -Xlinker --gc-sections -Xlinker -print-memory-usage -mcpu=cortex-m3 -mthumb -T "PID_V0_Debug.ld" -o "PID_V0.axf"  ./src/PID_V0.o ./src/cr_startup_lpc175x_6x.o ./src/crp.o ./src/sysinit.o   -llpc_chip_175x_6x
Memory region         Used Size  Region Size  %age Used
       MFlash512:        1928 B       512 KB      0.37%
        RamLoc32:          52 B        32 KB      0.16%
        RamAHB32:          0 GB        32 KB      0.00%
Finished building target: PID_V0.axf
 
make --no-print-directory post-build
Performing post-build steps
arm-none-eabi-size "PID_V0.axf"; # arm-none-eabi-objcopy -v -O binary "PID_V0.axf" "PID_V0.bin" ; # checksum -p LPC1769 -d "PID_V0.bin";
   text	   data	    bss	    dec	    hex	filename
   1928	      0	     52	   1980	    7bc	PID_V0.axf
 

21:15:30 Build Finished (took 1s.355ms)

