Archive member included to satisfy reference by file (symbol)

C:\Users\Fabian\Documents\MCUXpressoIDE_10.2.0_759\workspace\lpc_board_nxp_lpcxpresso_1769\Debug\liblpc_board_nxp_lpcxpresso_1769.a(board.o)
                              ./src/Clase20180626.o (Board_LED_Set)
C:\Users\Fabian\Documents\MCUXpressoIDE_10.2.0_759\workspace\lpc_board_nxp_lpcxpresso_1769\Debug\liblpc_board_nxp_lpcxpresso_1769.a(board_sysinit.o)
                              ./src/sysinit.o (Board_SystemInit)
C:\Users\Fabian\Documents\MCUXpressoIDE_10.2.0_759\workspace\lpc_chip_175x_6x\Debug\liblpc_chip_175x_6x.a(chip_17xx_40xx.o)
                              ./src/Clase20180626.o (SystemCoreClockUpdate)
C:\Users\Fabian\Documents\MCUXpressoIDE_10.2.0_759\workspace\lpc_chip_175x_6x\Debug\liblpc_chip_175x_6x.a(clock_17xx_40xx.o)
                              C:\Users\Fabian\Documents\MCUXpressoIDE_10.2.0_759\workspace\lpc_chip_175x_6x\Debug\liblpc_chip_175x_6x.a(chip_17xx_40xx.o) (Chip_Clock_EnablePLL)
C:\Users\Fabian\Documents\MCUXpressoIDE_10.2.0_759\workspace\lpc_chip_175x_6x\Debug\liblpc_chip_175x_6x.a(i2s_17xx_40xx.o)
                              C:\Users\Fabian\Documents\MCUXpressoIDE_10.2.0_759\workspace\lpc_board_nxp_lpcxpresso_1769\Debug\liblpc_board_nxp_lpcxpresso_1769.a(board.o) (Chip_I2S_Init)
C:\Users\Fabian\Documents\MCUXpressoIDE_10.2.0_759\workspace\lpc_chip_175x_6x\Debug\liblpc_chip_175x_6x.a(iocon_17xx_40xx.o)
                              C:\Users\Fabian\Documents\MCUXpressoIDE_10.2.0_759\workspace\lpc_board_nxp_lpcxpresso_1769\Debug\liblpc_board_nxp_lpcxpresso_1769.a(board.o) (Chip_IOCON_PinMux)
C:\Users\Fabian\Documents\MCUXpressoIDE_10.2.0_759\workspace\lpc_chip_175x_6x\Debug\liblpc_chip_175x_6x.a(sysinit_17xx_40xx.o)
                              C:\Users\Fabian\Documents\MCUXpressoIDE_10.2.0_759\workspace\lpc_board_nxp_lpcxpresso_1769\Debug\liblpc_board_nxp_lpcxpresso_1769.a(board_sysinit.o) (Chip_SetupXtalClocking)
C:\Users\Fabian\Documents\MCUXpressoIDE_10.2.0_759\workspace\lpc_chip_175x_6x\Debug\liblpc_chip_175x_6x.a(uart_17xx_40xx.o)
                              C:\Users\Fabian\Documents\MCUXpressoIDE_10.2.0_759\workspace\lpc_board_nxp_lpcxpresso_1769\Debug\liblpc_board_nxp_lpcxpresso_1769.a(board.o) (Chip_UART_Init)
C:\Users\Fabian\Documents\MCUXpressoIDE_10.2.0_759\workspace\lpc_chip_175x_6x\Debug\liblpc_chip_175x_6x.a(ring_buffer.o)
                              C:\Users\Fabian\Documents\MCUXpressoIDE_10.2.0_759\workspace\lpc_chip_175x_6x\Debug\liblpc_chip_175x_6x.a(uart_17xx_40xx.o) (RingBuffer_Insert)
c:/nxp/mcuxpressoide_10.2.0_759/ide/tools/bin/../lib/gcc/arm-none-eabi/7.2.1/../../../../arm-none-eabi/lib/thumb/v7-m\libcr_c.a(memcpy.o)
                              C:\Users\Fabian\Documents\MCUXpressoIDE_10.2.0_759\workspace\lpc_board_nxp_lpcxpresso_1769\Debug\liblpc_board_nxp_lpcxpresso_1769.a(board.o) (memcpy)
c:/nxp/mcuxpressoide_10.2.0_759/ide/tools/bin/../lib/gcc/arm-none-eabi/7.2.1/../../../../arm-none-eabi/lib/thumb/v7-m\libcr_c.a(__weak__main.o)
                              ./src/cr_startup_lpc175x_6x.o (__main)
c:/nxp/mcuxpressoide_10.2.0_759/ide/tools/bin/../lib/gcc/arm-none-eabi/7.2.1/thumb/v7-m\libcr_eabihelpers.a(division_64.o)
                              C:\Users\Fabian\Documents\MCUXpressoIDE_10.2.0_759\workspace\lpc_chip_175x_6x\Debug\liblpc_chip_175x_6x.a(i2s_17xx_40xx.o) (__aeabi_uldivmod)
c:/nxp/mcuxpressoide_10.2.0_759/ide/tools/bin/../lib/gcc/arm-none-eabi/7.2.1/thumb/v7-m\libcr_eabihelpers.a(division_idiv0.o)
                              c:/nxp/mcuxpressoide_10.2.0_759/ide/tools/bin/../lib/gcc/arm-none-eabi/7.2.1/thumb/v7-m\libcr_eabihelpers.a(division_64.o) (__aeabi_idiv0)
c:/nxp/mcuxpressoide_10.2.0_759/ide/tools/bin/../lib/gcc/arm-none-eabi/7.2.1/thumb/v7-m\libcr_eabihelpers.a(memcpy.o)
                              c:/nxp/mcuxpressoide_10.2.0_759/ide/tools/bin/../lib/gcc/arm-none-eabi/7.2.1/../../../../arm-none-eabi/lib/thumb/v7-m\libcr_c.a(memcpy.o) (__aeabi_memcpy)

Allocating common symbols
Common symbol       size              file

SystemCoreClock     0x4               C:\Users\Fabian\Documents\MCUXpressoIDE_10.2.0_759\workspace\lpc_chip_175x_6x\Debug\liblpc_chip_175x_6x.a(chip_17xx_40xx.o)

Discarded input sections

 .group         0x00000000        0xc ./src/Clase20180626.o
 .group         0x00000000        0xc ./src/Clase20180626.o
 .group         0x00000000        0xc ./src/Clase20180626.o
 .group         0x00000000        0xc ./src/Clase20180626.o
 .group         0x00000000        0xc ./src/Clase20180626.o
 .group         0x00000000        0xc ./src/Clase20180626.o
 .group         0x00000000        0xc ./src/Clase20180626.o
 .group         0x00000000        0xc ./src/Clase20180626.o
 .group         0x00000000        0xc ./src/Clase20180626.o
 .group         0x00000000        0xc ./src/Clase20180626.o
 .group         0x00000000        0xc ./src/Clase20180626.o
 .group         0x00000000        0xc ./src/Clase20180626.o
[...]
Memory Configuration

Name             Origin             Length             Attributes
MFlash512        0x00000000         0x00080000         xr
RamLoc32         0x10000000         0x00008000         xrw
RamAHB32         0x2007c000         0x00008000         xrw
*default*        0x00000000         0xffffffff

Linker script and memory map

LOAD ./src/Clase20180626.o
LOAD ./src/cr_startup_lpc175x_6x.o
LOAD ./src/crp.o
LOAD ./src/sysinit.o
LOAD C:\Users\Fabian\Documents\MCUXpressoIDE_10.2.0_759\workspace\lpc_board_nxp_lpcxpresso_1769\Debug\liblpc_board_nxp_lpcxpresso_1769.a
LOAD C:\Users\Fabian\Documents\MCUXpressoIDE_10.2.0_759\workspace\lpc_chip_175x_6x\Debug\liblpc_chip_175x_6x.a
START GROUP
LOAD c:/nxp/mcuxpressoide_10.2.0_759/ide/tools/bin/../lib/gcc/arm-none-eabi/7.2.1/../../../../arm-none-eabi/lib/thumb/v7-m\libcr_c.a
LOAD c:/nxp/mcuxpressoide_10.2.0_759/ide/tools/bin/../lib/gcc/arm-none-eabi/7.2.1/thumb/v7-m\libcr_eabihelpers.a
END GROUP
                0x00000000                __base_MFlash512 = 0x0
                0x00000000                __base_Flash = 0x0
                0x00080000                __top_MFlash512 = 0x80000
                0x00080000                __top_Flash = 0x80000
                0x10000000                __base_RamLoc32 = 0x10000000
                0x10000000                __base_RAM = 0x10000000
                0x10008000                __top_RamLoc32 = 0x10008000
                0x10008000                __top_RAM = 0x10008000
                0x2007c000                __base_RamAHB32 = 0x2007c000
                0x2007c000                __base_RAM2 = 0x2007c000
                0x20084000                __top_RamAHB32 = 0x20084000
                0x20084000                __top_RAM2 = 0x20084000

.text           0x00000000      0xe7c
 FILL mask 0xff
                0x00000000                __vectors_start__ = ABSOLUTE (.)
 *(.isr_vector)
 .isr_vector    0x00000000       0xcc ./src/cr_startup_lpc175x_6x.o
                0x00000000                g_pfnVectors
                0x000000cc                . = ALIGN (0x4)
                0x000000cc                __section_table_start = .
                0x000000cc                __data_section_table = .
                0x000000cc        0x4 LONG 0xe7c LOADADDR (.data)
                0x000000d0        0x4 LONG 0x10000000 ADDR (.data)
                0x000000d4        0x4 LONG 0x0 SIZEOF (.data)
                0x000000d8        0x4 LONG 0xe7c LOADADDR (.data_RAM2)
                0x000000dc        0x4 LONG 0x2007c000 ADDR (.data_RAM2)
                0x000000e0        0x4 LONG 0x0 SIZEOF (.data_RAM2)
                0x000000e4                __data_section_table_end = .
                0x000000e4                __bss_section_table = .
                0x000000e4        0x4 LONG 0x10000000 ADDR (.bss)
                0x000000e8        0x4 LONG 0x8 SIZEOF (.bss)
                0x000000ec        0x4 LONG 0x2007c000 ADDR (.bss_RAM2)
                0x000000f0        0x4 LONG 0x0 SIZEOF (.bss_RAM2)
                0x000000f4                __bss_section_table_end = .
                0x000000f4                __section_table_end = .
 *(.after_vectors*)
 .after_vectors
                0x000000f4      0x12c ./src/cr_startup_lpc175x_6x.o
                0x000000f4                data_init
                0x00000136                bss_init
                0x0000016c                ResetISR
                0x000001e4                NMI_Handler
                0x000001ea                HardFault_Handler
                0x000001f0                MemManage_Handler
                0x000001f6                BusFault_Handler
                0x000001fc                UsageFault_Handler
                0x00000202                SVC_Handler
                0x00000208                DebugMon_Handler
                0x0000020e                PendSV_Handler
                0x00000214                SysTick_Handler
                0x0000021a                EINT3_IRQHandler
                0x0000021a                CANActivity_IRQHandler
                0x0000021a                TIMER3_IRQHandler
                0x0000021a                UART0_IRQHandler
                0x0000021a                UART1_IRQHandler
                0x0000021a                EINT2_IRQHandler
                0x0000021a                USBActivity_IRQHandler
                0x0000021a                IntDefaultHandler
                0x0000021a                PLL0_IRQHandler
                0x0000021a                CAN_IRQHandler
                0x0000021a                I2C1_IRQHandler
                0x0000021a                SSP0_IRQHandler
                0x0000021a                I2S_IRQHandler
                0x0000021a                I2C2_IRQHandler
                0x0000021a                RTC_IRQHandler
                0x0000021a                TIMER0_IRQHandler
                0x0000021a                SPI_IRQHandler
                0x0000021a                RIT_IRQHandler
                0x0000021a                EINT1_IRQHandler
                0x0000021a                TIMER1_IRQHandler
                0x0000021a                UART2_IRQHandler
                0x0000021a                ADC_IRQHandler
                0x0000021a                SSP1_IRQHandler
                0x0000021a                USB_IRQHandler
                0x0000021a                BOD_IRQHandler
                0x0000021a                I2C0_IRQHandler
                0x0000021a                WDT_IRQHandler
                0x0000021a                PWM1_IRQHandler
                0x0000021a                QEI_IRQHandler
                0x0000021a                EINT0_IRQHandler
                0x0000021a                ETH_IRQHandler
                0x0000021a                PLL1_IRQHandler
                0x0000021a                DMA_IRQHandler
                0x0000021a                TIMER2_IRQHandler
                0x0000021a                UART3_IRQHandler
                0x0000021a                MCPWM_IRQHandler
 *(.text*)
 .text.main     0x00000220       0x30 ./src/Clase20180626.o
                0x00000220                main
 .text.SystemInit
                0x00000250       0x24 ./src/sysinit.o
                0x00000250                SystemInit
 .text.Chip_IOCON_Init
                0x00000274       0x16 C:\Users\Fabian\Documents\MCUXpressoIDE_10.2.0_759\workspace\lpc_board_nxp_lpcxpresso_1769\Debug\liblpc_board_nxp_lpcxpresso_1769.a(board.o)
 .text.Chip_GPIO_Init
                0x0000028a       0x16 C:\Users\Fabian\Documents\MCUXpressoIDE_10.2.0_759\workspace\lpc_board_nxp_lpcxpresso_1769\Debug\liblpc_board_nxp_lpcxpresso_1769.a(board.o)
 .text.Chip_GPIO_SetPinState
                0x000002a0       0x64 C:\Users\Fabian\Documents\MCUXpressoIDE_10.2.0_759\workspace\lpc_board_nxp_lpcxpresso_1769\Debug\liblpc_board_nxp_lpcxpresso_1769.a(board.o)
 .text.Chip_GPIO_WritePortBit
                0x00000304       0x2c C:\Users\Fabian\Documents\MCUXpressoIDE_10.2.0_759\workspace\lpc_board_nxp_lpcxpresso_1769\Debug\liblpc_board_nxp_lpcxpresso_1769.a(board.o)
 .text.Chip_GPIO_SetPinDIROutput
                0x00000330       0x36 C:\Users\Fabian\Documents\MCUXpressoIDE_10.2.0_759\workspace\lpc_board_nxp_lpcxpresso_1769\Debug\liblpc_board_nxp_lpcxpresso_1769.a(board.o)
 .text.Chip_GPIO_SetPinDIRInput
                0x00000366       0x3a C:\Users\Fabian\Documents\MCUXpressoIDE_10.2.0_759\workspace\lpc_board_nxp_lpcxpresso_1769\Debug\liblpc_board_nxp_lpcxpresso_1769.a(board.o)
 .text.Chip_GPIO_SetPinDIR
                0x000003a0       0x42 C:\Users\Fabian\Documents\MCUXpressoIDE_10.2.0_759\workspace\lpc_board_nxp_lpcxpresso_1769\Debug\liblpc_board_nxp_lpcxpresso_1769.a(board.o)
 .text.Chip_GPIO_WriteDirBit
                0x000003e2       0x2e C:\Users\Fabian\Documents\MCUXpressoIDE_10.2.0_759\workspace\lpc_board_nxp_lpcxpresso_1769\Debug\liblpc_board_nxp_lpcxpresso_1769.a(board.o)
 .text.Chip_UART_ConfigData
                0x00000410       0x1a C:\Users\Fabian\Documents\MCUXpressoIDE_10.2.0_759\workspace\lpc_board_nxp_lpcxpresso_1769\Debug\liblpc_board_nxp_lpcxpresso_1769.a(board.o)
 *fill*         0x0000042a        0x2 ff
 .text.Board_LED_Init
                0x0000042c       0x18 C:\Users\Fabian\Documents\MCUXpressoIDE_10.2.0_759\workspace\lpc_board_nxp_lpcxpresso_1769\Debug\liblpc_board_nxp_lpcxpresso_1769.a(board.o)
 .text.Board_UART_Init
                0x00000444       0x12 C:\Users\Fabian\Documents\MCUXpressoIDE_10.2.0_759\workspace\lpc_board_nxp_lpcxpresso_1769\Debug\liblpc_board_nxp_lpcxpresso_1769.a(board.o)
                0x00000444                Board_UART_Init
 *fill*         0x00000456        0x2 ff
 .text.Board_Debug_Init
                0x00000458       0x30 C:\Users\Fabian\Documents\MCUXpressoIDE_10.2.0_759\workspace\lpc_board_nxp_lpcxpresso_1769\Debug\liblpc_board_nxp_lpcxpresso_1769.a(board.o)
                0x00000458                Board_Debug_Init
 .text.Board_LED_Set
                0x00000488       0x30 C:\Users\Fabian\Documents\MCUXpressoIDE_10.2.0_759\workspace\lpc_board_nxp_lpcxpresso_1769\Debug\liblpc_board_nxp_lpcxpresso_1769.a(board.o)
                0x00000488                Board_LED_Set
 .text.Board_Init
                0x000004b8       0x24 C:\Users\Fabian\Documents\MCUXpressoIDE_10.2.0_759\workspace\lpc_board_nxp_lpcxpresso_1769\Debug\liblpc_board_nxp_lpcxpresso_1769.a(board.o)
                0x000004b8                Board_Init
 .text.Chip_SYSCTL_SetFLASHAccess
                0x000004dc       0x30 C:\Users\Fabian\Documents\MCUXpressoIDE_10.2.0_759\workspace\lpc_board_nxp_lpcxpresso_1769\Debug\liblpc_board_nxp_lpcxpresso_1769.a(board_sysinit.o)
 .text.Board_SetupMuxing
                0x0000050c       0x1c C:\Users\Fabian\Documents\MCUXpressoIDE_10.2.0_759\workspace\lpc_board_nxp_lpcxpresso_1769\Debug\liblpc_board_nxp_lpcxpresso_1769.a(board_sysinit.o)
                0x0000050c                Board_SetupMuxing
 .text.Board_SetupClocking
                0x00000528       0x12 C:\Users\Fabian\Documents\MCUXpressoIDE_10.2.0_759\workspace\lpc_board_nxp_lpcxpresso_1769\Debug\liblpc_board_nxp_lpcxpresso_1769.a(board_sysinit.o)
                0x00000528                Board_SetupClocking
 .text.Board_SystemInit
                0x0000053a       0x10 C:\Users\Fabian\Documents\MCUXpressoIDE_10.2.0_759\workspace\lpc_board_nxp_lpcxpresso_1769\Debug\liblpc_board_nxp_lpcxpresso_1769.a(board_sysinit.o)
                0x0000053a                Board_SystemInit
 *fill*         0x0000054a        0x2 ff
 .text.SystemCoreClockUpdate
                0x0000054c       0x18 C:\Users\Fabian\Documents\MCUXpressoIDE_10.2.0_759\workspace\lpc_chip_175x_6x\Debug\liblpc_chip_175x_6x.a(chip_17xx_40xx.o)
                0x0000054c                SystemCoreClockUpdate
 .text.Chip_Clock_IsMainPLLEnabled
                0x00000564       0x24 C:\Users\Fabian\Documents\MCUXpressoIDE_10.2.0_759\workspace\lpc_chip_175x_6x\Debug\liblpc_chip_175x_6x.a(clock_17xx_40xx.o)
 .text.Chip_Clock_IsMainPLLConnected
                0x00000588       0x24 C:\Users\Fabian\Documents\MCUXpressoIDE_10.2.0_759\workspace\lpc_chip_175x_6x\Debug\liblpc_chip_175x_6x.a(clock_17xx_40xx.o)
 .text.Chip_Clock_FeedPLL
                0x000005ac       0x34 C:\Users\Fabian\Documents\MCUXpressoIDE_10.2.0_759\workspace\lpc_chip_175x_6x\Debug\liblpc_chip_175x_6x.a(clock_17xx_40xx.o)
 .text.Chip_Clock_GetMainPLLSource
                0x000005e0       0x20 C:\Users\Fabian\Documents\MCUXpressoIDE_10.2.0_759\workspace\lpc_chip_175x_6x\Debug\liblpc_chip_175x_6x.a(clock_17xx_40xx.o)
 .text.Chip_Clock_GetMainOscRate
                0x00000600       0x14 C:\Users\Fabian\Documents\MCUXpressoIDE_10.2.0_759\workspace\lpc_chip_175x_6x\Debug\liblpc_chip_175x_6x.a(clock_17xx_40xx.o)
 .text.Chip_Clock_GetIntOscRate
                0x00000614       0x14 C:\Users\Fabian\Documents\MCUXpressoIDE_10.2.0_759\workspace\lpc_chip_175x_6x\Debug\liblpc_chip_175x_6x.a(clock_17xx_40xx.o)
 .text.Chip_Clock_GetRTCOscRate
                0x00000628       0x14 C:\Users\Fabian\Documents\MCUXpressoIDE_10.2.0_759\workspace\lpc_chip_175x_6x\Debug\liblpc_chip_175x_6x.a(clock_17xx_40xx.o)
 .text.Chip_Clock_GetMainPLLInClockRate
                0x0000063c        0xe C:\Users\Fabian\Documents\MCUXpressoIDE_10.2.0_759\workspace\lpc_chip_175x_6x\Debug\liblpc_chip_175x_6x.a(clock_17xx_40xx.o)
 *fill*         0x0000064a        0x2 ff
 .text.Chip_Clock_EnablePLL
                0x0000064c       0x44 C:\Users\Fabian\Documents\MCUXpressoIDE_10.2.0_759\workspace\lpc_chip_175x_6x\Debug\liblpc_chip_175x_6x.a(clock_17xx_40xx.o)
                0x0000064c                Chip_Clock_EnablePLL
 .text.Chip_Clock_DisablePLL
                0x00000690       0x48 C:\Users\Fabian\Documents\MCUXpressoIDE_10.2.0_759\workspace\lpc_chip_175x_6x\Debug\liblpc_chip_175x_6x.a(clock_17xx_40xx.o)
                0x00000690                Chip_Clock_DisablePLL
 .text.Chip_Clock_SetupPLL
                0x000006d8       0x5c C:\Users\Fabian\Documents\MCUXpressoIDE_10.2.0_759\workspace\lpc_chip_175x_6x\Debug\liblpc_chip_175x_6x.a(clock_17xx_40xx.o)
                0x000006d8                Chip_Clock_SetupPLL
 .text.Chip_Clock_EnablePeriphClock
                0x00000734       0x34 C:\Users\Fabian\Documents\MCUXpressoIDE_10.2.0_759\workspace\lpc_chip_175x_6x\Debug\liblpc_chip_175x_6x.a(clock_17xx_40xx.o)
                0x00000734                Chip_Clock_EnablePeriphClock
 .text.Chip_Clock_GetCPUClockSource
                0x00000768       0x24 C:\Users\Fabian\Documents\MCUXpressoIDE_10.2.0_759\workspace\lpc_chip_175x_6x\Debug\liblpc_chip_175x_6x.a(clock_17xx_40xx.o)
                0x00000768                Chip_Clock_GetCPUClockSource
 .text.Chip_Clock_SetCPUClockDiv
                0x0000078c       0x20 C:\Users\Fabian\Documents\MCUXpressoIDE_10.2.0_759\workspace\lpc_chip_175x_6x\Debug\liblpc_chip_175x_6x.a(clock_17xx_40xx.o)
                0x0000078c                Chip_Clock_SetCPUClockDiv
 .text.Chip_Clock_GetCPUClockDiv
                0x000007ac       0x1c C:\Users\Fabian\Documents\MCUXpressoIDE_10.2.0_759\workspace\lpc_chip_175x_6x\Debug\liblpc_chip_175x_6x.a(clock_17xx_40xx.o)
                0x000007ac                Chip_Clock_GetCPUClockDiv
 .text.Chip_Clock_GetPCLKDiv
                0x000007c8       0x8c C:\Users\Fabian\Documents\MCUXpressoIDE_10.2.0_759\workspace\lpc_chip_175x_6x\Debug\liblpc_chip_175x_6x.a(clock_17xx_40xx.o)
                0x000007c8                Chip_Clock_GetPCLKDiv
 .text.Chip_Clock_GetSYSCLKRate
                0x00000854       0x34 C:\Users\Fabian\Documents\MCUXpressoIDE_10.2.0_759\workspace\lpc_chip_175x_6x\Debug\liblpc_chip_175x_6x.a(clock_17xx_40xx.o)
                0x00000854                Chip_Clock_GetSYSCLKRate
 .text.Chip_Clock_GetMainPLLOutClockRate
                0x00000888       0x54 C:\Users\Fabian\Documents\MCUXpressoIDE_10.2.0_759\workspace\lpc_chip_175x_6x\Debug\liblpc_chip_175x_6x.a(clock_17xx_40xx.o)
                0x00000888                Chip_Clock_GetMainPLLOutClockRate
 .text.Chip_Clock_GetMainClockRate
                0x000008dc       0x28 C:\Users\Fabian\Documents\MCUXpressoIDE_10.2.0_759\workspace\lpc_chip_175x_6x\Debug\liblpc_chip_175x_6x.a(clock_17xx_40xx.o)
                0x000008dc                Chip_Clock_GetMainClockRate
 .text.Chip_Clock_GetSystemClockRate
                0x00000904       0x18 C:\Users\Fabian\Documents\MCUXpressoIDE_10.2.0_759\workspace\lpc_chip_175x_6x\Debug\liblpc_chip_175x_6x.a(clock_17xx_40xx.o)
                0x00000904                Chip_Clock_GetSystemClockRate
 .text.Chip_Clock_GetPeripheralClockRate
                0x0000091c       0x26 C:\Users\Fabian\Documents\MCUXpressoIDE_10.2.0_759\workspace\lpc_chip_175x_6x\Debug\liblpc_chip_175x_6x.a(clock_17xx_40xx.o)
                0x0000091c                Chip_Clock_GetPeripheralClockRate
 .text.Chip_IOCON_PinMuxSet
                0x00000942       0x36 C:\Users\Fabian\Documents\MCUXpressoIDE_10.2.0_759\workspace\lpc_chip_175x_6x\Debug\liblpc_chip_175x_6x.a(iocon_17xx_40xx.o)
                0x00000942                Chip_IOCON_PinMuxSet
 .text.Chip_IOCON_PinMux
                0x00000978       0x94 C:\Users\Fabian\Documents\MCUXpressoIDE_10.2.0_759\workspace\lpc_chip_175x_6x\Debug\liblpc_chip_175x_6x.a(iocon_17xx_40xx.o)
                0x00000978                Chip_IOCON_PinMux
 .text.Chip_IOCON_SetPinMuxing
                0x00000a0c       0x62 C:\Users\Fabian\Documents\MCUXpressoIDE_10.2.0_759\workspace\lpc_chip_175x_6x\Debug\liblpc_chip_175x_6x.a(iocon_17xx_40xx.o)
                0x00000a0c                Chip_IOCON_SetPinMuxing
 *fill*         0x00000a6e        0x2 ff
 .text.Chip_Clock_IsMainPLLEnabled
                0x00000a70       0x24 C:\Users\Fabian\Documents\MCUXpressoIDE_10.2.0_759\workspace\lpc_chip_175x_6x\Debug\liblpc_chip_175x_6x.a(sysinit_17xx_40xx.o)
 .text.Chip_Clock_IsMainPLLLocked
                0x00000a94       0x24 C:\Users\Fabian\Documents\MCUXpressoIDE_10.2.0_759\workspace\lpc_chip_175x_6x\Debug\liblpc_chip_175x_6x.a(sysinit_17xx_40xx.o)
 .text.Chip_Clock_IsMainPLLConnected
                0x00000ab8       0x24 C:\Users\Fabian\Documents\MCUXpressoIDE_10.2.0_759\workspace\lpc_chip_175x_6x\Debug\liblpc_chip_175x_6x.a(sysinit_17xx_40xx.o)
 .text.Chip_Clock_EnableCrystal
                0x00000adc       0x20 C:\Users\Fabian\Documents\MCUXpressoIDE_10.2.0_759\workspace\lpc_chip_175x_6x\Debug\liblpc_chip_175x_6x.a(sysinit_17xx_40xx.o)
 .text.Chip_Clock_IsCrystalEnabled
                0x00000afc       0x24 C:\Users\Fabian\Documents\MCUXpressoIDE_10.2.0_759\workspace\lpc_chip_175x_6x\Debug\liblpc_chip_175x_6x.a(sysinit_17xx_40xx.o)
 .text.Chip_Clock_SetMainPLLSource
                0x00000b20       0x20 C:\Users\Fabian\Documents\MCUXpressoIDE_10.2.0_759\workspace\lpc_chip_175x_6x\Debug\liblpc_chip_175x_6x.a(sysinit_17xx_40xx.o)
 .text.Chip_SetupXtalClocking
                0x00000b40       0x90 C:\Users\Fabian\Documents\MCUXpressoIDE_10.2.0_759\workspace\lpc_chip_175x_6x\Debug\liblpc_chip_175x_6x.a(sysinit_17xx_40xx.o)
                0x00000b40                Chip_SetupXtalClocking
 .text.Chip_UART_SetupFIFOS
                0x00000bd0       0x1a C:\Users\Fabian\Documents\MCUXpressoIDE_10.2.0_759\workspace\lpc_chip_175x_6x\Debug\liblpc_chip_175x_6x.a(uart_17xx_40xx.o)
 .text.Chip_UART_ConfigData
                0x00000bea       0x1a C:\Users\Fabian\Documents\MCUXpressoIDE_10.2.0_759\workspace\lpc_chip_175x_6x\Debug\liblpc_chip_175x_6x.a(uart_17xx_40xx.o)
 .text.Chip_UART_EnableDivisorAccess
                0x00000c04       0x1e C:\Users\Fabian\Documents\MCUXpressoIDE_10.2.0_759\workspace\lpc_chip_175x_6x\Debug\liblpc_chip_175x_6x.a(uart_17xx_40xx.o)
 .text.Chip_UART_DisableDivisorAccess
                0x00000c22       0x1e C:\Users\Fabian\Documents\MCUXpressoIDE_10.2.0_759\workspace\lpc_chip_175x_6x\Debug\liblpc_chip_175x_6x.a(uart_17xx_40xx.o)
 .text.Chip_UART_SetDivisorLatches
                0x00000c40       0x26 C:\Users\Fabian\Documents\MCUXpressoIDE_10.2.0_759\workspace\lpc_chip_175x_6x\Debug\liblpc_chip_175x_6x.a(uart_17xx_40xx.o)
 *fill*         0x00000c66        0x2 ff
 .text.Chip_UART_GetClockIndex
                0x00000c68       0x50 C:\Users\Fabian\Documents\MCUXpressoIDE_10.2.0_759\workspace\lpc_chip_175x_6x\Debug\liblpc_chip_175x_6x.a(uart_17xx_40xx.o)
 .text.Chip_UART_GetClkIndex
                0x00000cb8       0x50 C:\Users\Fabian\Documents\MCUXpressoIDE_10.2.0_759\workspace\lpc_chip_175x_6x\Debug\liblpc_chip_175x_6x.a(uart_17xx_40xx.o)
 .text.Chip_UART_Init
                0x00000d08       0x78 C:\Users\Fabian\Documents\MCUXpressoIDE_10.2.0_759\workspace\lpc_chip_175x_6x\Debug\liblpc_chip_175x_6x.a(uart_17xx_40xx.o)
                0x00000d08                Chip_UART_Init
 .text.Chip_UART_TXEnable
                0x00000d80       0x18 C:\Users\Fabian\Documents\MCUXpressoIDE_10.2.0_759\workspace\lpc_chip_175x_6x\Debug\liblpc_chip_175x_6x.a(uart_17xx_40xx.o)
                0x00000d80                Chip_UART_TXEnable
 .text.Chip_UART_TXDisable
                0x00000d98       0x18 C:\Users\Fabian\Documents\MCUXpressoIDE_10.2.0_759\workspace\lpc_chip_175x_6x\Debug\liblpc_chip_175x_6x.a(uart_17xx_40xx.o)
                0x00000d98                Chip_UART_TXDisable
 .text.Chip_UART_SetBaud
                0x00000db0       0x62 C:\Users\Fabian\Documents\MCUXpressoIDE_10.2.0_759\workspace\lpc_chip_175x_6x\Debug\liblpc_chip_175x_6x.a(uart_17xx_40xx.o)
                0x00000db0                Chip_UART_SetBaud
 .text.__weak_main
                0x00000e12        0x4 c:/nxp/mcuxpressoide_10.2.0_759/ide/tools/bin/../lib/gcc/arm-none-eabi/7.2.1/../../../../arm-none-eabi/lib/thumb/v7-m\libcr_c.a(__weak__main.o)
                0x00000e12                __weak_main
                0x00000e12                __main
 *(.rodata .rodata.* .constdata .constdata.*)
 *fill*         0x00000e16        0x2 ff
 .rodata.OscRateIn
                0x00000e18        0x4 C:\Users\Fabian\Documents\MCUXpressoIDE_10.2.0_759\workspace\lpc_board_nxp_lpcxpresso_1769\Debug\liblpc_board_nxp_lpcxpresso_1769.a(board.o)
                0x00000e18                OscRateIn
 .rodata.RTCOscRateIn
                0x00000e1c        0x4 C:\Users\Fabian\Documents\MCUXpressoIDE_10.2.0_759\workspace\lpc_board_nxp_lpcxpresso_1769\Debug\liblpc_board_nxp_lpcxpresso_1769.a(board.o)
                0x00000e1c                RTCOscRateIn
 .rodata.pinmuxing
                0x00000e20       0x5c C:\Users\Fabian\Documents\MCUXpressoIDE_10.2.0_759\workspace\lpc_board_nxp_lpcxpresso_1769\Debug\liblpc_board_nxp_lpcxpresso_1769.a(board_sysinit.o)
                0x00000e7c                . = ALIGN (0x4)

.glue_7         0x00000e7c        0x0
 .glue_7        0x00000e7c        0x0 linker stubs

.glue_7t        0x00000e7c        0x0
 .glue_7t       0x00000e7c        0x0 linker stubs

.vfp11_veneer   0x00000e7c        0x0
 .vfp11_veneer  0x00000e7c        0x0 linker stubs

.v4_bx          0x00000e7c        0x0
 .v4_bx         0x00000e7c        0x0 linker stubs

.iplt           0x00000e7c        0x0
 .iplt          0x00000e7c        0x0 ./src/Clase20180626.o

.rel.dyn        0x00000e7c        0x0
 .rel.iplt      0x00000e7c        0x0 ./src/Clase20180626.o

.ARM.extab
 *(.ARM.extab* .gnu.linkonce.armextab.*)
                0x00000e7c                __exidx_start = .

.ARM.exidx
 *(.ARM.exidx* .gnu.linkonce.armexidx.*)
                0x00000e7c                __exidx_end = .
                0x00000e7c                _etext = .

.data_RAM2      0x2007c000        0x0 load address 0x00000e7c
 FILL mask 0xff
                [!provide]                PROVIDE (__start_data_RAM2, .)
 *(.ramfunc.$RAM2)
 *(.ramfunc.$RamAHB32)
 *(.data.$RAM2*)
 *(.data.$RamAHB32*)
                0x2007c000                . = ALIGN (0x4)
                [!provide]                PROVIDE (__end_data_RAM2, .)

.uninit_RESERVED
                0x10000000        0x0
 *(.bss.$RESERVED*)
                0x10000000                . = ALIGN (0x4)
                0x10000000                _end_uninit_RESERVED = .

.data           0x10000000        0x0 load address 0x00000e7c
 FILL mask 0xff
                0x10000000                _data = .
 *(vtable)
 *(.ramfunc*)
 *(.data*)
                0x10000000                . = ALIGN (0x4)
                0x10000000                _edata = .

.igot.plt       0x10000000        0x0 load address 0x00000e7c
 .igot.plt      0x10000000        0x0 ./src/Clase20180626.o

.bss_RAM2       0x2007c000        0x0
                [!provide]                PROVIDE (__start_bss_RAM2, .)
 *(.bss.$RAM2*)
 *(.bss.$RamAHB32*)
                0x2007c000                . = ALIGN ((. != 0x0)?0x4:0x1)
                [!provide]                PROVIDE (__end_bss_RAM2, .)

.bss            0x10000000        0x8
                0x10000000                _bss = .
 *(.bss*)
 .bss.i.7274    0x10000000        0x4 ./src/Clase20180626.o
 *(COMMON)
 COMMON         0x10000004        0x4 C:\Users\Fabian\Documents\MCUXpressoIDE_10.2.0_759\workspace\lpc_chip_175x_6x\Debug\liblpc_chip_175x_6x.a(chip_17xx_40xx.o)
                0x10000004                SystemCoreClock
                0x10000008                . = ALIGN (0x4)
                0x10000008                _ebss = .
                [!provide]                PROVIDE (end, .)

.noinit_RAM2    0x2007c000        0x0
 *(.noinit.$RAM2*)
 *(.noinit.$RamAHB32*)
                0x2007c000                . = ALIGN (0x4)

.noinit         0x10000008        0x0
                0x10000008                _noinit = .
 *(.noinit*)
                0x10000008                . = ALIGN (0x4)
                0x10000008                _end_noinit = .
                [!provide]                PROVIDE (_pvHeapStart, DEFINED (__user_heap_base)?__user_heap_base:.)
                0x10008000                PROVIDE (_vStackTop, DEFINED (__user_stack_top)?__user_stack_top:(__top_RamLoc32 - 0x0))
                0xefff74de                PROVIDE (__valid_user_code_checksum, (0x0 - ((((((_vStackTop + (ResetISR + 0x1)) + (NMI_Handler + 0x1)) + (HardFault_Handler + 0x1)) + (DEFINED (MemManage_Handler)?MemManage_Handler:0x0 + 0x1)) + (DEFINED (BusFault_Handler)?BusFault_Handler:0x0 + 0x1)) + (DEFINED (UsageFault_Handler)?UsageFault_Handler:0x0 + 0x1))))
                0x00000000                _image_start = LOADADDR (.text)
                0x00000e7c                _image_end = (LOADADDR (.data) + SIZEOF (.data))
                0x00000e7c                _image_size = (_image_end - _image_start)
OUTPUT(Clase20180626.axf elf32-littlearm)

.debug_info     0x00000000     0x4a2a
 .debug_info    0x00000000      0x235 ./src/Clase20180626.o
 .debug_info    0x00000235      0x255 ./src/cr_startup_lpc175x_6x.o
 .debug_info    0x0000048a      0x232 ./src/sysinit.o
 .debug_info    0x000006bc     0x150a C:\Users\Fabian\Documents\MCUXpressoIDE_10.2.0_759\workspace\lpc_board_nxp_lpcxpresso_1769\Debug\liblpc_board_nxp_lpcxpresso_1769.a(board.o)
 .debug_info    0x00001bc6      0x6c3 C:\Users\Fabian\Documents\MCUXpressoIDE_10.2.0_759\workspace\lpc_board_nxp_lpcxpresso_1769\Debug\liblpc_board_nxp_lpcxpresso_1769.a(board_sysinit.o)
 .debug_info    0x00002289      0x558 C:\Users\Fabian\Documents\MCUXpressoIDE_10.2.0_759\workspace\lpc_chip_175x_6x\Debug\liblpc_chip_175x_6x.a(chip_17xx_40xx.o)
 .debug_info    0x000027e1      0xba2 C:\Users\Fabian\Documents\MCUXpressoIDE_10.2.0_759\workspace\lpc_chip_175x_6x\Debug\liblpc_chip_175x_6x.a(clock_17xx_40xx.o)
 .debug_info    0x00003383      0x31e C:\Users\Fabian\Documents\MCUXpressoIDE_10.2.0_759\workspace\lpc_chip_175x_6x\Debug\liblpc_chip_175x_6x.a(iocon_17xx_40xx.o)
 .debug_info    0x000036a1      0x474 C:\Users\Fabian\Documents\MCUXpressoIDE_10.2.0_759\workspace\lpc_chip_175x_6x\Debug\liblpc_chip_175x_6x.a(sysinit_17xx_40xx.o)
 .debug_info    0x00003b15      0xf15 C:\Users\Fabian\Documents\MCUXpressoIDE_10.2.0_759\workspace\lpc_chip_175x_6x\Debug\liblpc_chip_175x_6x.a(uart_17xx_40xx.o)

.debug_abbrev   0x00000000     0x1255
 .debug_abbrev  0x00000000       0xd8 ./src/Clase20180626.o
 .debug_abbrev  0x000000d8      0x114 ./src/cr_startup_lpc175x_6x.o
 .debug_abbrev  0x000001ec       0xdd ./src/sysinit.o
 .debug_abbrev  0x000002c9      0x3c8 C:\Users\Fabian\Documents\MCUXpressoIDE_10.2.0_759\workspace\lpc_board_nxp_lpcxpresso_1769\Debug\liblpc_board_nxp_lpcxpresso_1769.a(board.o)
 .debug_abbrev  0x00000691      0x180 C:\Users\Fabian\Documents\MCUXpressoIDE_10.2.0_759\workspace\lpc_board_nxp_lpcxpresso_1769\Debug\liblpc_board_nxp_lpcxpresso_1769.a(board_sysinit.o)
 .debug_abbrev  0x00000811      0x151 C:\Users\Fabian\Documents\MCUXpressoIDE_10.2.0_759\workspace\lpc_chip_175x_6x\Debug\liblpc_chip_175x_6x.a(chip_17xx_40xx.o)
 .debug_abbrev  0x00000962      0x309 C:\Users\Fabian\Documents\MCUXpressoIDE_10.2.0_759\workspace\lpc_chip_175x_6x\Debug\liblpc_chip_175x_6x.a(clock_17xx_40xx.o)
 .debug_abbrev  0x00000c6b      0x14a C:\Users\Fabian\Documents\MCUXpressoIDE_10.2.0_759\workspace\lpc_chip_175x_6x\Debug\liblpc_chip_175x_6x.a(iocon_17xx_40xx.o)
 .debug_abbrev  0x00000db5      0x18e C:\Users\Fabian\Documents\MCUXpressoIDE_10.2.0_759\workspace\lpc_chip_175x_6x\Debug\liblpc_chip_175x_6x.a(sysinit_17xx_40xx.o)
 .debug_abbrev  0x00000f43      0x312 C:\Users\Fabian\Documents\MCUXpressoIDE_10.2.0_759\workspace\lpc_chip_175x_6x\Debug\liblpc_chip_175x_6x.a(uart_17xx_40xx.o)

.debug_aranges  0x00000000      0x568
 .debug_aranges
                0x00000000       0x20 ./src/Clase20180626.o
 .debug_aranges
                0x00000020       0x80 ./src/cr_startup_lpc175x_6x.o
 .debug_aranges
                0x000000a0       0x20 ./src/sysinit.o
 .debug_aranges
                0x000000c0      0x160 C:\Users\Fabian\Documents\MCUXpressoIDE_10.2.0_759\workspace\lpc_board_nxp_lpcxpresso_1769\Debug\liblpc_board_nxp_lpcxpresso_1769.a(board.o)
 .debug_aranges
                0x00000220       0x38 C:\Users\Fabian\Documents\MCUXpressoIDE_10.2.0_759\workspace\lpc_board_nxp_lpcxpresso_1769\Debug\liblpc_board_nxp_lpcxpresso_1769.a(board_sysinit.o)
 .debug_aranges
                0x00000258       0x38 C:\Users\Fabian\Documents\MCUXpressoIDE_10.2.0_759\workspace\lpc_chip_175x_6x\Debug\liblpc_chip_175x_6x.a(chip_17xx_40xx.o)
 .debug_aranges
                0x00000290      0x120 C:\Users\Fabian\Documents\MCUXpressoIDE_10.2.0_759\workspace\lpc_chip_175x_6x\Debug\liblpc_chip_175x_6x.a(clock_17xx_40xx.o)
 .debug_aranges
                0x000003b0       0x30 C:\Users\Fabian\Documents\MCUXpressoIDE_10.2.0_759\workspace\lpc_chip_175x_6x\Debug\liblpc_chip_175x_6x.a(iocon_17xx_40xx.o)
 .debug_aranges
                0x000003e0       0x60 C:\Users\Fabian\Documents\MCUXpressoIDE_10.2.0_759\workspace\lpc_chip_175x_6x\Debug\liblpc_chip_175x_6x.a(sysinit_17xx_40xx.o)
 .debug_aranges
                0x00000440      0x128 C:\Users\Fabian\Documents\MCUXpressoIDE_10.2.0_759\workspace\lpc_chip_175x_6x\Debug\liblpc_chip_175x_6x.a(uart_17xx_40xx.o)

.debug_ranges   0x00000000      0x4c8
 .debug_ranges  0x00000000       0x10 ./src/Clase20180626.o
 .debug_ranges  0x00000010       0x70 ./src/cr_startup_lpc175x_6x.o
 .debug_ranges  0x00000080       0x10 ./src/sysinit.o
 .debug_ranges  0x00000090      0x150 C:\Users\Fabian\Documents\MCUXpressoIDE_10.2.0_759\workspace\lpc_board_nxp_lpcxpresso_1769\Debug\liblpc_board_nxp_lpcxpresso_1769.a(board.o)
 .debug_ranges  0x000001e0       0x28 C:\Users\Fabian\Documents\MCUXpressoIDE_10.2.0_759\workspace\lpc_board_nxp_lpcxpresso_1769\Debug\liblpc_board_nxp_lpcxpresso_1769.a(board_sysinit.o)
 .debug_ranges  0x00000208       0x28 C:\Users\Fabian\Documents\MCUXpressoIDE_10.2.0_759\workspace\lpc_chip_175x_6x\Debug\liblpc_chip_175x_6x.a(chip_17xx_40xx.o)
 .debug_ranges  0x00000230      0x110 C:\Users\Fabian\Documents\MCUXpressoIDE_10.2.0_759\workspace\lpc_chip_175x_6x\Debug\liblpc_chip_175x_6x.a(clock_17xx_40xx.o)
 .debug_ranges  0x00000340       0x20 C:\Users\Fabian\Documents\MCUXpressoIDE_10.2.0_759\workspace\lpc_chip_175x_6x\Debug\liblpc_chip_175x_6x.a(iocon_17xx_40xx.o)
 .debug_ranges  0x00000360       0x50 C:\Users\Fabian\Documents\MCUXpressoIDE_10.2.0_759\workspace\lpc_chip_175x_6x\Debug\liblpc_chip_175x_6x.a(sysinit_17xx_40xx.o)
 .debug_ranges  0x000003b0      0x118 C:\Users\Fabian\Documents\MCUXpressoIDE_10.2.0_759\workspace\lpc_chip_175x_6x\Debug\liblpc_chip_175x_6x.a(uart_17xx_40xx.o)

.debug_macro    0x00000000     0x5743
 .debug_macro   0x00000000      0x220 ./src/Clase20180626.o
 .debug_macro   0x00000220      0xa6c ./src/Clase20180626.o
 .debug_macro   0x00000c8c       0x10 ./src/Clase20180626.o
 .debug_macro   0x00000c9c      0x12d ./src/Clase20180626.o
 .debug_macro   0x00000dc9      0x5b2 ./src/Clase20180626.o
 .debug_macro   0x0000137b       0x22 ./src/Clase20180626.o
 .debug_macro   0x0000139d       0x7b ./src/Clase20180626.o
 .debug_macro   0x00001418       0x10 ./src/Clase20180626.o
 .debug_macro   0x00001428       0x2d ./src/Clase20180626.o
 .debug_macro   0x00001455       0x3a ./src/Clase20180626.o
 .debug_macro   0x0000148f       0x2d ./src/Clase20180626.o
 .debug_macro   0x000014bc      0xbb1 ./src/Clase20180626.o
 .debug_macro   0x0000206d      0x22c ./src/Clase20180626.o
 .debug_macro   0x00002299       0x42 ./src/Clase20180626.o
 .debug_macro   0x000022db       0x52 ./src/Clase20180626.o
 .debug_macro   0x0000232d       0x78 ./src/Clase20180626.o
 .debug_macro   0x000023a5       0x82 ./src/Clase20180626.o
 .debug_macro   0x00002427      0x48c ./src/Clase20180626.o
 .debug_macro   0x000028b3       0x34 ./src/Clase20180626.o
 .debug_macro   0x000028e7      0x4c5 ./src/Clase20180626.o
 .debug_macro   0x00002dac      0x1b7 ./src/Clase20180626.o
 .debug_macro   0x00002f63       0x10 ./src/Clase20180626.o
 .debug_macro   0x00002f73      0x21b ./src/Clase20180626.o
 .debug_macro   0x0000318e      0x1b9 ./src/Clase20180626.o
 .debug_macro   0x00003347       0x40 ./src/Clase20180626.o
 .debug_macro   0x00003387       0x22 ./src/Clase20180626.o
 .debug_macro   0x000033a9      0x162 ./src/Clase20180626.o
 .debug_macro   0x0000350b       0x94 ./src/Clase20180626.o
 .debug_macro   0x0000359f       0xb8 ./src/Clase20180626.o
 .debug_macro   0x00003657       0x4c ./src/Clase20180626.o
 .debug_macro   0x000036a3       0x16 ./src/Clase20180626.o
 .debug_macro   0x000036b9      0x328 ./src/Clase20180626.o
 .debug_macro   0x000039e1       0x49 ./src/Clase20180626.o
 .debug_macro   0x00003a2a       0x16 ./src/Clase20180626.o
 .debug_macro   0x00003a40       0xca ./src/Clase20180626.o
 .debug_macro   0x00003b0a       0x18 ./src/Clase20180626.o
 .debug_macro   0x00003b22       0x70 ./src/Clase20180626.o
 .debug_macro   0x00003b92       0x9a ./src/Clase20180626.o
 .debug_macro   0x00003c2c       0x20 ./src/Clase20180626.o
 .debug_macro   0x00003c4c       0x28 ./src/Clase20180626.o
 .debug_macro   0x00003c74       0x82 ./src/Clase20180626.o
 .debug_macro   0x00003cf6       0x1d ./src/cr_startup_lpc175x_6x.o
 .debug_macro   0x00003d13      0x217 ./src/sysinit.o
 .debug_macro   0x00003f2a      0x289 C:\Users\Fabian\Documents\MCUXpressoIDE_10.2.0_759\workspace\lpc_board_nxp_lpcxpresso_1769\Debug\liblpc_board_nxp_lpcxpresso_1769.a(board.o)
 .debug_macro   0x000041b3      0xa66 C:\Users\Fabian\Documents\MCUXpressoIDE_10.2.0_759\workspace\lpc_board_nxp_lpcxpresso_1769\Debug\liblpc_board_nxp_lpcxpresso_1769.a(board.o)
 .debug_macro   0x00004c19       0x12 C:\Users\Fabian\Documents\MCUXpressoIDE_10.2.0_759\workspace\lpc_board_nxp_lpcxpresso_1769\Debug\liblpc_board_nxp_lpcxpresso_1769.a(board.o)
 .debug_macro   0x00004c2b      0x217 C:\Users\Fabian\Documents\MCUXpressoIDE_10.2.0_759\workspace\lpc_board_nxp_lpcxpresso_1769\Debug\liblpc_board_nxp_lpcxpresso_1769.a(board_sysinit.o)
 .debug_macro   0x00004e42      0x1cd C:\Users\Fabian\Documents\MCUXpressoIDE_10.2.0_759\workspace\lpc_chip_175x_6x\Debug\liblpc_chip_175x_6x.a(chip_17xx_40xx.o)
 .debug_macro   0x0000500f      0x1cd C:\Users\Fabian\Documents\MCUXpressoIDE_10.2.0_759\workspace\lpc_chip_175x_6x\Debug\liblpc_chip_175x_6x.a(clock_17xx_40xx.o)
 .debug_macro   0x000051dc      0x1cd C:\Users\Fabian\Documents\MCUXpressoIDE_10.2.0_759\workspace\lpc_chip_175x_6x\Debug\liblpc_chip_175x_6x.a(iocon_17xx_40xx.o)
 .debug_macro   0x000053a9      0x1cd C:\Users\Fabian\Documents\MCUXpressoIDE_10.2.0_759\workspace\lpc_chip_175x_6x\Debug\liblpc_chip_175x_6x.a(sysinit_17xx_40xx.o)
 .debug_macro   0x00005576      0x1cd C:\Users\Fabian\Documents\MCUXpressoIDE_10.2.0_759\workspace\lpc_chip_175x_6x\Debug\liblpc_chip_175x_6x.a(uart_17xx_40xx.o)

.debug_line     0x00000000     0x3354
 .debug_line    0x00000000      0x4fc ./src/Clase20180626.o
 .debug_line    0x000004fc       0xd3 ./src/cr_startup_lpc175x_6x.o
 .debug_line    0x000005cf      0x499 ./src/sysinit.o
 .debug_line    0x00000a68      0x854 C:\Users\Fabian\Documents\MCUXpressoIDE_10.2.0_759\workspace\lpc_board_nxp_lpcxpresso_1769\Debug\liblpc_board_nxp_lpcxpresso_1769.a(board.o)
 .debug_line    0x000012bc      0x4d9 C:\Users\Fabian\Documents\MCUXpressoIDE_10.2.0_759\workspace\lpc_board_nxp_lpcxpresso_1769\Debug\liblpc_board_nxp_lpcxpresso_1769.a(board_sysinit.o)
 .debug_line    0x00001795      0x458 C:\Users\Fabian\Documents\MCUXpressoIDE_10.2.0_759\workspace\lpc_chip_175x_6x\Debug\liblpc_chip_175x_6x.a(chip_17xx_40xx.o)
 .debug_line    0x00001bed      0x6d4 C:\Users\Fabian\Documents\MCUXpressoIDE_10.2.0_759\workspace\lpc_chip_175x_6x\Debug\liblpc_chip_175x_6x.a(clock_17xx_40xx.o)
 .debug_line    0x000022c1      0x444 C:\Users\Fabian\Documents\MCUXpressoIDE_10.2.0_759\workspace\lpc_chip_175x_6x\Debug\liblpc_chip_175x_6x.a(iocon_17xx_40xx.o)
 .debug_line    0x00002705      0x4ce C:\Users\Fabian\Documents\MCUXpressoIDE_10.2.0_759\workspace\lpc_chip_175x_6x\Debug\liblpc_chip_175x_6x.a(sysinit_17xx_40xx.o)
 .debug_line    0x00002bd3      0x781 C:\Users\Fabian\Documents\MCUXpressoIDE_10.2.0_759\workspace\lpc_chip_175x_6x\Debug\liblpc_chip_175x_6x.a(uart_17xx_40xx.o)

.debug_str      0x00000000    0x137eb
 .debug_str     0x00000000    0x11613 ./src/Clase20180626.o
                              0x116f1 (size before relaxing)
 .debug_str     0x00011613      0x1d6 ./src/cr_startup_lpc175x_6x.o
                               0x2edd (size before relaxing)
 .debug_str     0x000117e9       0x1b ./src/sysinit.o
                              0x112bf (size before relaxing)
 .debug_str     0x00011804      0xf9f C:\Users\Fabian\Documents\MCUXpressoIDE_10.2.0_759\workspace\lpc_board_nxp_lpcxpresso_1769\Debug\liblpc_board_nxp_lpcxpresso_1769.a(board.o)
                              0x12183 (size before relaxing)
 .debug_str     0x000127a3      0x22d C:\Users\Fabian\Documents\MCUXpressoIDE_10.2.0_759\workspace\lpc_board_nxp_lpcxpresso_1769\Debug\liblpc_board_nxp_lpcxpresso_1769.a(board_sysinit.o)
                              0x116bd (size before relaxing)
 .debug_str     0x000129d0       0xc7 C:\Users\Fabian\Documents\MCUXpressoIDE_10.2.0_759\workspace\lpc_chip_175x_6x\Debug\liblpc_chip_175x_6x.a(chip_17xx_40xx.o)
                              0x1130d (size before relaxing)
 .debug_str     0x00012a97      0x857 C:\Users\Fabian\Documents\MCUXpressoIDE_10.2.0_759\workspace\lpc_chip_175x_6x\Debug\liblpc_chip_175x_6x.a(clock_17xx_40xx.o)
                              0x1198b (size before relaxing)
 .debug_str     0x000132ee       0x79 C:\Users\Fabian\Documents\MCUXpressoIDE_10.2.0_759\workspace\lpc_chip_175x_6x\Debug\liblpc_chip_175x_6x.a(iocon_17xx_40xx.o)
                              0x10e08 (size before relaxing)
 .debug_str     0x00013367       0xc4 C:\Users\Fabian\Documents\MCUXpressoIDE_10.2.0_759\workspace\lpc_chip_175x_6x\Debug\liblpc_chip_175x_6x.a(sysinit_17xx_40xx.o)
                              0x10ff0 (size before relaxing)
 .debug_str     0x0001342b      0x3c0 C:\Users\Fabian\Documents\MCUXpressoIDE_10.2.0_759\workspace\lpc_chip_175x_6x\Debug\liblpc_chip_175x_6x.a(uart_17xx_40xx.o)
                              0x11860 (size before relaxing)

.comment        0x00000000       0x7e
 .comment       0x00000000       0x7e ./src/Clase20180626.o
                                 0x7f (size before relaxing)
 .comment       0x0000007e       0x7f ./src/cr_startup_lpc175x_6x.o
 .comment       0x0000007e       0x7f ./src/sysinit.o
 .comment       0x0000007e       0x7f C:\Users\Fabian\Documents\MCUXpressoIDE_10.2.0_759\workspace\lpc_board_nxp_lpcxpresso_1769\Debug\liblpc_board_nxp_lpcxpresso_1769.a(board.o)
 .comment       0x0000007e       0x7f C:\Users\Fabian\Documents\MCUXpressoIDE_10.2.0_759\workspace\lpc_board_nxp_lpcxpresso_1769\Debug\liblpc_board_nxp_lpcxpresso_1769.a(board_sysinit.o)
 .comment       0x0000007e       0x7f C:\Users\Fabian\Documents\MCUXpressoIDE_10.2.0_759\workspace\lpc_chip_175x_6x\Debug\liblpc_chip_175x_6x.a(chip_17xx_40xx.o)
 .comment       0x0000007e       0x7f C:\Users\Fabian\Documents\MCUXpressoIDE_10.2.0_759\workspace\lpc_chip_175x_6x\Debug\liblpc_chip_175x_6x.a(clock_17xx_40xx.o)
 .comment       0x0000007e       0x7f C:\Users\Fabian\Documents\MCUXpressoIDE_10.2.0_759\workspace\lpc_chip_175x_6x\Debug\liblpc_chip_175x_6x.a(iocon_17xx_40xx.o)
 .comment       0x0000007e       0x7f C:\Users\Fabian\Documents\MCUXpressoIDE_10.2.0_759\workspace\lpc_chip_175x_6x\Debug\liblpc_chip_175x_6x.a(sysinit_17xx_40xx.o)
 .comment       0x0000007e       0x7f C:\Users\Fabian\Documents\MCUXpressoIDE_10.2.0_759\workspace\lpc_chip_175x_6x\Debug\liblpc_chip_175x_6x.a(uart_17xx_40xx.o)
 .comment       0x0000007e       0x7f c:/nxp/mcuxpressoide_10.2.0_759/ide/tools/bin/../lib/gcc/arm-none-eabi/7.2.1/../../../../arm-none-eabi/lib/thumb/v7-m\libcr_c.a(__weak__main.o)

.ARM.attributes
                0x00000000       0x31
 .ARM.attributes
                0x00000000       0x33 ./src/Clase20180626.o
 .ARM.attributes
                0x00000033       0x33 ./src/cr_startup_lpc175x_6x.o
 .ARM.attributes
                0x00000066       0x33 ./src/sysinit.o
 .ARM.attributes
                0x00000099       0x33 C:\Users\Fabian\Documents\MCUXpressoIDE_10.2.0_759\workspace\lpc_board_nxp_lpcxpresso_1769\Debug\liblpc_board_nxp_lpcxpresso_1769.a(board.o)
 .ARM.attributes
                0x000000cc       0x33 C:\Users\Fabian\Documents\MCUXpressoIDE_10.2.0_759\workspace\lpc_board_nxp_lpcxpresso_1769\Debug\liblpc_board_nxp_lpcxpresso_1769.a(board_sysinit.o)
 .ARM.attributes
                0x000000ff       0x33 C:\Users\Fabian\Documents\MCUXpressoIDE_10.2.0_759\workspace\lpc_chip_175x_6x\Debug\liblpc_chip_175x_6x.a(chip_17xx_40xx.o)
 .ARM.attributes
                0x00000132       0x33 C:\Users\Fabian\Documents\MCUXpressoIDE_10.2.0_759\workspace\lpc_chip_175x_6x\Debug\liblpc_chip_175x_6x.a(clock_17xx_40xx.o)
 .ARM.attributes
                0x00000165       0x33 C:\Users\Fabian\Documents\MCUXpressoIDE_10.2.0_759\workspace\lpc_chip_175x_6x\Debug\liblpc_chip_175x_6x.a(iocon_17xx_40xx.o)
 .ARM.attributes
                0x00000198       0x33 C:\Users\Fabian\Documents\MCUXpressoIDE_10.2.0_759\workspace\lpc_chip_175x_6x\Debug\liblpc_chip_175x_6x.a(sysinit_17xx_40xx.o)
 .ARM.attributes
                0x000001cb       0x33 C:\Users\Fabian\Documents\MCUXpressoIDE_10.2.0_759\workspace\lpc_chip_175x_6x\Debug\liblpc_chip_175x_6x.a(uart_17xx_40xx.o)
 .ARM.attributes
                0x000001fe       0x33 c:/nxp/mcuxpressoide_10.2.0_759/ide/tools/bin/../lib/gcc/arm-none-eabi/7.2.1/../../../../arm-none-eabi/lib/thumb/v7-m\libcr_c.a(__weak__main.o)

.debug_frame    0x00000000     0x1428
 .debug_frame   0x00000000       0x30 ./src/Clase20180626.o
 .debug_frame   0x00000030      0x170 ./src/cr_startup_lpc175x_6x.o
 .debug_frame   0x000001a0       0x34 ./src/sysinit.o
 .debug_frame   0x000001d4      0x5d4 C:\Users\Fabian\Documents\MCUXpressoIDE_10.2.0_759\workspace\lpc_board_nxp_lpcxpresso_1769\Debug\liblpc_board_nxp_lpcxpresso_1769.a(board.o)
 .debug_frame   0x000007a8       0x8c C:\Users\Fabian\Documents\MCUXpressoIDE_10.2.0_759\workspace\lpc_board_nxp_lpcxpresso_1769\Debug\liblpc_board_nxp_lpcxpresso_1769.a(board_sysinit.o)
 .debug_frame   0x00000834       0x88 C:\Users\Fabian\Documents\MCUXpressoIDE_10.2.0_759\workspace\lpc_chip_175x_6x\Debug\liblpc_chip_175x_6x.a(chip_17xx_40xx.o)
 .debug_frame   0x000008bc      0x490 C:\Users\Fabian\Documents\MCUXpressoIDE_10.2.0_759\workspace\lpc_chip_175x_6x\Debug\liblpc_chip_175x_6x.a(clock_17xx_40xx.o)
 .debug_frame   0x00000d4c       0x80 C:\Users\Fabian\Documents\MCUXpressoIDE_10.2.0_759\workspace\lpc_chip_175x_6x\Debug\liblpc_chip_175x_6x.a(iocon_17xx_40xx.o)
 .debug_frame   0x00000dcc      0x12c C:\Users\Fabian\Documents\MCUXpressoIDE_10.2.0_759\workspace\lpc_chip_175x_6x\Debug\liblpc_chip_175x_6x.a(sysinit_17xx_40xx.o)
 .debug_frame   0x00000ef8      0x530 C:\Users\Fabian\Documents\MCUXpressoIDE_10.2.0_759\workspace\lpc_chip_175x_6x\Debug\liblpc_chip_175x_6x.a(uart_17xx_40xx.o)
